c7e00000 T _start
c7e00020 t _undefined_instruction
c7e00024 t _software_interrupt
c7e00028 t _prefetch_abort
c7e0002c t _data_abort
c7e00030 t _not_used
c7e00034 t _irq
c7e00038 t _fiq
c7e0003c t _pad
c7e00040 T _end_vect
c7e00040 t _TEXT_BASE
c7e00044 t _TEXT_PHY_BASE
c7e00048 T _armboot_start
c7e0004c T _bss_start
c7e00050 T _bss_end
c7e00054 t reset
c7e00064 t cpu_init_crit
c7e000b8 t after_copy
c7e000b8 t enable_mmu
c7e000d8 t mmu_on
c7e000f4 t skip_hw_init
c7e000f4 t stack_setup
c7e000f8 t clear_bss
c7e00104 t clbss_l
c7e00118 t _start_armboot
c7e0011c t _mmu_table_base
c7e00120 T copy_from_nand
c7e0016c t copy_failed
c7e00174 t compare_failed
c7e0017c T theLastJump
c7e00198 t phy_last_jump
c7e001c0 t undefined_instruction
c7e00220 t software_interrupt
c7e00280 t prefetch_abort
c7e002e0 t data_abort
c7e00340 t not_used
c7e003a0 t irq
c7e00400 t fiq
c7e00460 T arm1136_cache_flush
c7e00480 T mem_ctrl_asm_init
c7e0057c t check_dmc1_ready
c7e00598 T cleanDCache
c7e005a4 T cleanFlushDCache
c7e005b0 T cleanFlushCache
c7e005dc t nandll_read_page
c7e006a8 T copy_uboot_to_ram
c7e008a0 T beep
c7e008cc T movi_set_capacity
c7e008d0 T movi_set_ofs
c7e00924 T movi_bl2_copy
c7e00968 T movi_read_env
c7e0097c T movi_write_env
c7e00990 T movi_init
c7e009c0 T raise
c7e009c4 T __aeabi_ldiv0
c7e009c8 T __div0
c7e009cc t _TEXT_BASE
c7e009d0 T lowlevel_init
c7e00ab0 t wakeup_reset
c7e00adc t system_clock_init
c7e00b10 t check_syncack
c7e00bb0 t uart_asm_init
c7e00c00 t nand_asm_init
c7e00c84 t READ_TIMER
c7e00c9c T enable_interrupts
c7e00ca0 T disable_interrupts
c7e00ca8 T set_timer
c7e00cb8 T reset_timer_masked
c7e00cd8 T reset_timer
c7e00cdc T get_timer_masked
c7e00d24 T get_timer
c7e00d38 T udelay
c7e00dac T udelay_masked
c7e00e20 T get_ticks
c7e00e34 T get_tbclk
c7e00e4c T interrupt_init
c7e00ec8 T show_regs
c7e01008 T bad_mode
c7e01024 T do_irq
c7e01048 T do_fiq
c7e0106c T do_not_used
c7e01090 T do_data_abort
c7e010b4 T do_prefetch_abort
c7e010d8 T do_software_interrupt
c7e010fc T do_undefined_instruction
c7e01120 t read_p15_c1
c7e01128 t write_p15_c1
c7e01130 t cp_delay
c7e0115c T cpu_init
c7e01164 T icache_enable
c7e01180 T icache_disable
c7e0119c T icache_status
c7e011b0 T dcache_enable
c7e011cc T dcache_disable
c7e011e8 T dcache_status
c7e011fc T branch_enable
c7e01218 T branch_disable
c7e01234 T branch_status
c7e01248 T cleanup_before_linux
c7e01274 T reset_cpu
c7e012ac T do_reset
c7e012c4 T mmc_get_dev
c7e012d0 t wait_for_data_done
c7e012ec t ClearCommandCompleteStatus
c7e0131c t ClearTransferCompleteStatus
c7e01344 t ClearDMAStatus
c7e0136c t card_irq_enable
c7e01390 T hsmmc_reset
c7e013a4 T hsmmc_set_gpio
c7e013d8 t set_transfer_mode_register
c7e0140c t set_arg_register
c7e0141c t set_blkcnt_register
c7e0142c t SetSystemAddressReg
c7e0143c t set_blksize_register
c7e01458 t hsmmc_clock_onoff
c7e014a4 t set_cmd_register
c7e014fc t set_hostctl_speed
c7e0151c t wait_for_cmd_done
c7e01570 t check_dma_int
c7e01604 t issue_command
c7e016e0 t check_card_status
c7e0171c T movi_read
c7e01864 T movi_write
c7e019d0 t set_clock
c7e01a54 t clock_config
c7e01ae4 T hsmmc_init
c7e02108 T test_hsmmc
c7e02698 t mmc_bread
c7e026d0 t S3C64XX_GetBase_UART
c7e026e0 T serial_setbrg
c7e026e4 T serial_init
c7e026f4 T serial_getc
c7e02714 T serial_putc
c7e02744 T serial_tstc
c7e0275c T serial_puts
c7e02784 t get_PLLCLK
c7e027f0 T get_UCLK
c7e027f8 T get_FCLK
c7e02800 T get_PCLK
c7e02854 T get_HCLK
c7e028a8 T get_ARMCLK
c7e028d0 T print_cpuinfo
c7e029d8 T sbrk
c7e02a0c T led_init
c7e02a34 T hang
c7e02a44 t display_dram_config
c7e02a74 t display_banner
c7e02a94 t init_baudrate
c7e02af4 T start_armboot
c7e02cf0 t __fswab16
c7e02d04 t __fswab32
c7e02d24 t startAgainTimeout
c7e02d38 t startAgainHandler
c7e02d3c T NetSetHandler
c7e02d4c T NetCksum
c7e02d94 T NetCksumOk
c7e02db8 T copy_filename
c7e02e10 T string_to_VLAN
c7e02e5c T getenv_VLAN
c7e02e6c T string_to_ip
c7e02ed4 T getenv_IPaddr
c7e02ee4 T NetEthHdrSize
c7e02f28 T VLAN_to_string
c7e02f80 T ip_to_string
c7e02fc0 T print_IPaddr
c7e02fdc t NetCopyIP
c7e02fe4 T NetSetIP
c7e030e4 T NetSetEther
c7e03198 t NetReadIP
c7e031b4 t PingHandler
c7e031dc t NetWriteIP
c7e031f8 T NetSendPacket
c7e031fc T ArpRequest
c7e032e8 T NetReceive
c7e037b8 T PingSend
c7e038f4 T NetSetTimeout
c7e03924 T NetSendUDPPacket
c7e03a60 T NetStartAgain
c7e03adc T ArpTimeoutCheck
c7e03b50 t PingTimeout
c7e03b6c T NetLoop
c7e03f58 t __fswab16
c7e03f6c t TftpSend
c7e040cc T TftpStart
c7e042c0 t TftpTimeout
c7e0431c t TftpHandler
c7e04554 t __fswab16
c7e04568 t __fswab32
c7e04588 t truncate_sz
c7e045bc t NetWriteIP
c7e045d8 t NetCopyIP
c7e045e0 t NetReadLong
c7e045fc T BootpRequest
c7e04800 t BootpHandler
c7e04b30 t BootpTimeout
c7e04b78 T RarpRequest
c7e04c80 t RarpHandler
c7e04cdc t RarpTimeout
c7e04d24 T eth_initialize
c7e04d2c t __fswab32
c7e04d4c t NfsTimeout
c7e04d70 t basename
c7e04dac t dirname
c7e04dc8 t rpc_add_credentials
c7e04ea0 t rpc_lookup_reply
c7e04f40 t nfs_mount_reply
c7e04fdc t nfs_umountall_reply
c7e0505c t nfs_lookup_reply
c7e050f0 t rpc_req
c7e051fc t rpc_lookup_req
c7e05260 t nfs_mount_req
c7e052f0 t nfs_umountall_req
c7e05348 t nfs_lookup_req
c7e053ec t nfs_read_req
c7e0546c t nfs_readlink_req
c7e054c4 t NfsSend
c7e05558 T NfsStart
c7e0578c t nfs_readlink_reply
c7e05884 t nfs_read_reply
c7e059c8 t NfsHandler
c7e05bb0 t iow
c7e05bcc t ior
c7e05bec t move8
c7e05c38 t move16
c7e05c94 t move32
c7e05cf0 t GetDM9000ID
c7e05d50 T eth_send
c7e05dc0 T eth_rx
c7e05e80 t phy_write
c7e05ed8 T eth_halt
c7e05f10 t dmfe_init_dm9000
c7e0609c T eth_init
c7e06220 T DM9000_get_enetaddr
c7e062a4 T nand_init
c7e06340 t generic_ffs
c7e06398 t nand_release_device
c7e063b0 t nand_read_byte
c7e063c0 t nand_read_byte16
c7e063d4 t nand_read_word
c7e063e4 t nand_write_buf
c7e06418 t nand_read_buf
c7e06440 t nand_verify_buf
c7e06488 t nand_write_buf16
c7e064c0 t nand_read_buf16
c7e064f8 t nand_verify_buf16
c7e06544 t nand_block_bad
c7e06660 t nand_check_wp
c7e0669c T nand_wait_ready
c7e066b0 t nand_read_page_raw
c7e066e8 t nand_read_page_swecc
c7e06800 t nand_read_page_hwecc
c7e06930 t nand_read_page_syndrome
c7e06a54 t nand_read_oob_std
c7e06a98 t nand_read_oob_syndrome
c7e06ba8 t nand_write_oob_std
c7e06c18 t nand_write_oob_syndrome
c7e06dd0 t nand_write_page_raw
c7e06e04 t nand_write_page_swecc
c7e06ea8 t nand_write_page_hwecc
c7e06f74 t nand_write_page_syndrome
c7e07064 t single_erase_cmd
c7e070a0 t multi_erase_cmd
c7e0712c t nand_sync
c7e07130 t nand_suspend
c7e07138 T nand_release
c7e07160 t nand_resume
c7e07180 T nand_scan_ident
c7e076fc T nand_scan_tail
c7e07be0 T nand_scan
c7e07c00 t nand_select_chip
c7e07c5c t nand_block_isbad
c7e07cbc t nand_block_markbad
c7e07cf8 t nand_fill_oob
c7e07e0c t nand_do_write_oob
c7e07f14 t nand_do_write_ops
c7e08234 t nand_write_oob
c7e082e4 t nand_write
c7e0837c t nand_transfer_oob
c7e08490 t nand_command
c7e0864c t nand_command_lp
c7e08894 t nand_do_read_ops
c7e08c50 t nand_read_oob
c7e08e14 T nand_read
c7e08eac t nand_write_page
c7e08f88 t nand_default_block_markbad
c7e09060 T nand_erase_nand
c7e09324 t nand_erase
c7e0932c t nand_wait
c7e09400 T nand_calculate_ecc
c7e094f8 T nand_correct_data
c7e09624 t check_pattern
c7e096dc t scan_read_raw
c7e09728 t search_bbt
c7e098c0 T nand_isbad_bbt
c7e09910 t create_bbt
c7e09c18 t read_bbt
c7e09e20 t read_abs_bbt
c7e09eec t write_bbt
c7e0a528 T nand_update_bbt
c7e0a680 t mark_bbt_region
c7e0a7ec T nand_scan_bbt
c7e0ac60 T nand_default_bbt
c7e0ad24 T run_command
c7e0b15c t cread_add_char
c7e0b24c t cread_add_str
c7e0b29c T readline
c7e0b934 t ExecuteCmd
c7e0b93c T arm_sdfuse
c7e0ba94 T lcd_size_config
c7e0bbe4 T arm_USBfuse
c7e0bd00 T NAND_ARMMenu
c7e0be08 T main_loop
c7e0bf2c t print_num
c7e0bf40 T do_bdinfo
c7e0c014 T do_go
c7e0c094 t __fswab32
c7e0c0b4 t do_imls
c7e0c0bc T gunzip
c7e0c214 t zfree
c7e0c21c t zalloc
c7e0c22c T print_image_hdr
c7e0c628 T do_bootm
c7e0cc60 t on_off
c7e0cc9c T do_branch
c7e0cd20 T do_dcache
c7e0cda4 T do_icache
c7e0ce28 t cnvrt2
c7e0ce6c T mk_date
c7e0d03c T do_date
c7e0d150 T valid_elf_image
c7e0d1c4 T load_elf_image
c7e0d2cc T do_bootvx
c7e0d448 T do_bootelf
c7e0d4ec T get_dev
c7e0d4f4 T do_fat_fsinfo
c7e0d538 T do_fat_ls
c7e0d57c T do_fat_fsload
c7e0d5bc t flash_fill_sect_ranges
c7e0d5cc T flash_sect_protect
c7e0d660 T flash_sect_erase
c7e0d6d0 t addr_spec
c7e0d78c T do_flinfo
c7e0d7c4 t abbrev_spec
c7e0d7fc T do_protect
c7e0d9c8 T do_flerase
c7e0db14 t evalstr
c7e0db30 t evalexp
c7e0db7c T binary_test
c7e0dd5c T do_itest
c7e0de04 T ktrans
c7e0de24 T chk1
c7e0de54 t bin_data_init
c7e0de70 t bin_data_char
c7e0dea0 T k_data_init
c7e0dec0 T k_data_save
c7e0dee8 T k_data_restore
c7e0df10 T k_data_char
c7e0df60 T send_pad
c7e0df90 T s1_sendpacket
c7e0dfbc T handle_send_packet
c7e0e180 T send_nack
c7e0e1e0 T send_ack
c7e0e240 t load_serial_ymodem
c7e0e380 t getcxmodem
c7e0e3a0 T do_load_serial_bin
c7e0e804 t load_serial
c7e0ea30 T do_load_serial
c7e0eb10 T do_mem_base
c7e0eb54 T do_mem_crc
c7e0ec0c T do_mem_mtest
c7e0ed38 T cmd_get_data_size
c7e0edb0 T do_mem_loop
c7e0eeb4 T do_mem_cp
c7e0efe4 T do_mem_cmp
c7e0f188 T do_mem_mw
c7e0f25c t mod_mem
c7e0f3b8 T do_mem_nm
c7e0f3d8 T do_mem_mm
c7e0f3f8 T do_mem_md
c7e0f5d4 T do_sleep
c7e0f664 t __fswab32
c7e0f684 t nand_read
c7e0f6ac t nand_write
c7e0f6d4 t str2long
c7e0f710 t arg_off_size
c7e0f7ec T do_nandboot
c7e0fa20 T do_nand
c7e108d4 T do_ping
c7e1095c t netboot_common
c7e10c18 T do_nfs
c7e10c24 T do_rarpb
c7e10c30 T do_tftpb
c7e10c3c T do_bootp
c7e10c48 t envmatch
c7e10cb8 T getenv_r
c7e10d78 T do_saveenv
c7e10da4 T getenv
c7e10e20 T _do_setenv
c7e112b8 T do_setenv
c7e112f8 T setenv
c7e1132c T do_printenv
c7e114d0 T usb_get_class_desc
c7e11578 T usb_display_ep_desc
c7e1164c T usb_display_class_sub
c7e117c0 T usb_show_tree_graph
c7e119d8 T usb_show_tree
c7e11a0c T usb_display_desc
c7e11b3c T usb_display_string
c7e11b74 T usb_display_if_desc
c7e11bfc T usb_display_conf_desc
c7e11ca8 T usb_display_config
c7e11d38 T do_usb
c7e11f14 T find_cmd
c7e11fa8 T do_echo
c7e12028 T do_help
c7e121d4 T do_version
c7e121f4 T do_exit
c7e12224 T do_test
c7e126a0 t console_setfile
c7e12740 T fgetc
c7e12768 T ftstc
c7e12790 T fputc
c7e127bc T fputs
c7e127e8 T disable_ctrlc
c7e12800 T had_ctrlc
c7e12810 T clear_ctrlc
c7e12824 T dbg
c7e12830 T console_init_f
c7e12840 T console_assign
c7e128d0 T fprintf
c7e12918 T puts
c7e12934 T vprintf
c7e12960 T printf
c7e129a0 T console_init_r
c7e12b44 T serial_printf
c7e12b84 T putc
c7e12ba0 T tstc
c7e12bb8 T getc
c7e12bd0 T ctrlc
c7e12c20 T devices_done
c7e12c3c T device_register
c7e12c60 T devices_init
c7e12d24 T malloc_bin_reloc
c7e12d5c T malloc_usable_size
c7e12da0 T mallopt
c7e12e18 T malloc_trim
c7e12ee4 T free
c7e13110 T cfree
c7e13114 T malloc
c7e136f4 T memalign
c7e13804 T pvalloc
c7e1381c T valloc
c7e13828 T calloc
c7e13908 T realloc
c7e13d84 T env_get_char_memory
c7e13da4 T env_get_addr
c7e13dc4 t env_get_char_init
c7e13dfc T env_crc_update
c7e13e28 T env_relocate
c7e13ea8 T env_get_char_spec
c7e13eb4 T env_init
c7e13ed0 T saveenv
c7e13f90 t use_default
c7e14010 T env_relocate_spec
c7e14098 t dummy
c7e1409c T get_version
c7e140a4 T jumptable_init
c7e1415c T flash_protect
c7e14258 T addr2info
c7e14260 T flash_write
c7e14270 T flash_perror
c7e14350 t b_reset
c7e1436c T simple_itoa
c7e143c0 t static_get
c7e143dc t static_peek
c7e143e8 t file_peek
c7e143f4 t setup_string_in_str
c7e14420 t indenter
c7e14430 t is_assignment
c7e1448c T mapset
c7e144b8 T u_boot_hush_start
c7e14540 t file_get
c7e14710 t syntax_err
c7e1471c t xmalloc
c7e1473c T new_pipe
c7e14764 t free_pipe_list
c7e14850 t b_free
c7e14874 t xrealloc
c7e14894 t done_command
c7e1491c t initialize_context
c7e14954 t done_pipe
c7e149a4 t b_addchr
c7e14a20 t b_addqchr
c7e14a6c T reserved_word
c7e14ba4 t done_word
c7e14d28 t insert_var_value
c7e14ed8 t set_local_var
c7e15088 T update_ifs_map
c7e150f8 t parse_stream_outer
c7e156d8 T parse_file_outer
c7e1571c T parse_string_outer
c7e157e4 t run_list_real
c7e15f90 t lcd_putc_xy
c7e16010 T lcd_disable
c7e16028 T lcd_enable
c7e16040 T lcd_panel_disable
c7e16058 t lcd_clear
c7e16078 T lcd_setmem
c7e160bc T calc_fbsize
c7e160e0 T lcd_setcolreg
c7e160e4 T lcd_ctrl_init
c7e16308 T drv_lcd_init
c7e166a4 t console_newline
c7e16748 T lcd_putc
c7e16878 T lcd_puts
c7e168b8 T GetHandleSize
c7e168c0 T ListSetAllocationPolicy
c7e168d4 T ListGetPtrToItem
c7e1690c T ListGetDataPtr
c7e16918 T ListGetItemSize
c7e16924 T ListNumItems
c7e16930 T ListGetItems
c7e16978 T SetHandleSize
c7e169f4 T ListInsertItems
c7e16bc4 T ListInsertItem
c7e16bcc T DisposeHandle
c7e16bec T ListDispose
c7e16bf0 T NewHandle
c7e16c4c T ListCreate
c7e16cac t hex1_bin
c7e16ce4 t hex2_bin
c7e16d18 T srec_decode
c7e16f88 T usb_disable_asynch
c7e16fa0 T usb_maxpacket
c7e16fc4 T usb_set_maxpacket
c7e170d0 T usb_get_dev_index
c7e17100 T usb_hub_reset
c7e17114 T usb_hub_allocate
c7e1715c T usb_alloc_new_device
c7e171f8 T usb_parse_config
c7e1738c T usb_submit_int_msg
c7e17390 T usb_stop
c7e173c0 T wait_ms
c7e173e4 T usb_bulk_msg
c7e17448 T usb_control_msg
c7e17548 T usb_get_port_status
c7e175a8 T usb_get_hub_status
c7e175fc T usb_set_port_feature
c7e1765c T usb_clear_port_feature
c7e176bc T usb_clear_hub_feature
c7e17710 T usb_get_hub_descriptor
c7e1776c T usb_get_string
c7e177f8 t usb_string_sub
c7e178fc T usb_string
c7e179fc T usb_get_class_descriptor
c7e17a6c T usb_get_report
c7e17adc T usb_set_idle
c7e17b40 T usb_set_protocol
c7e17ba0 T usb_set_configuration
c7e17c08 T usb_set_interface
c7e17cd4 T usb_set_address
c7e17d18 T usb_get_descriptor
c7e17d84 T usb_get_configuration_no
c7e17e2c T usb_clear_halt
c7e17ee0 t usb_hub_power_on
c7e17f24 T usb_hub_port_connect_change
c7e18080 T usb_hub_configure
c7e182c0 T usb_hub_probe
c7e18320 T usb_new_device
c7e185b0 T usb_scan_devices
c7e18614 T usb_init
c7e18690 T parse_num
c7e187b8 T xyzModem_error
c7e18854 T xyzModem_stream_close
c7e188a0 T CYGACC_COMM_IF_PUTC
c7e188a8 T CYGACC_COMM_IF_GETC_TIMEOUT
c7e188fc t xyzModem_flush
c7e18924 T xyzModem_stream_terminate
c7e189f8 t xyzModem_get_hdr
c7e18c7c T xyzModem_stream_read
c7e18f08 T xyzModem_stream_open
c7e19068 T do_usbd_dnw
c7e1917c T do_movi
c7e19530 T cyg_crc16
c7e19578 T crc32
c7e1968c T crc32_no_comp
c7e19798 T print_size
c7e19838 T display_options
c7e19858 T strcpy
c7e19874 T strncpy
c7e1989c T strcat
c7e198d0 T strncat
c7e19934 T strcmp
c7e1996c T strncmp
c7e199bc T strchr
c7e199e8 T strlen
c7e19a08 T strrchr
c7e19a40 T strnlen
c7e19a68 T strspn
c7e19aac T strpbrk
c7e19aec T strtok
c7e19b6c T strsep
c7e19ba0 T strswab
c7e19bec T memset
c7e19c0c T bcopy
c7e19c38 T memcpy
c7e19c5c T memmove
c7e19cb8 T memcmp
c7e19cf8 T memscan
c7e19d28 T strstr
c7e19d8c T memchr
c7e19dbc T strdup
c7e19df0 T simple_strtoul
c7e19ea8 T simple_strtol
c7e19ed0 t skip_atoi
c7e19f08 t number
c7e1a174 T panic
c7e1a1c4 T vsprintf
c7e1a5c8 T sprintf
c7e1a5f0 t falloc
c7e1a614 t ffree
c7e1a618 t inflate_trees_free
c7e1a64c t huft_build
c7e1ac14 t inflate_trees_fixed
c7e1ae10 t inflate_codes_new
c7e1ae60 t inflate_codes_free
c7e1ae80 t inflate_blocks_reset
c7e1af48 T inflateEnd
c7e1afe0 T inflateReset
c7e1b040 T inflateSync
c7e1b140 T inflateInit2
c7e1b284 T inflateInit
c7e1b28c T adler32
c7e1b404 T inflateIncomp
c7e1b530 t inflate_flush
c7e1b6a4 T inflate
c7e1d384 T board_init
c7e1d3d4 T dram_init
c7e1d3f4 T virt_to_phy_smdk6410
c7e1d424 T checkboard
c7e1d43c T board_late_init
c7e1d4d4 t write_hword
c7e1d5cc T write_buff
c7e1d740 T flash_print_info
c7e1d854 T flash_erase
c7e1da58 T flash_init
c7e1daa4 t IsACK
c7e1dabc t ReadWriteByte
c7e1dad4 t WaitForXfer
c7e1db20 t i2c_transfer
c7e1de0c T i2c_write
c7e1de9c T vga_init
c7e1df04 T i2c_read
c7e1df9c T i2c_probe
c7e1dfd8 T i2c_init
c7e1e0ac t td_alloc
c7e1e0ec t urb_free_priv
c7e1e124 T rh_check_port_status
c7e1e12c T submit_common_msg
c7e1e134 T submit_bulk_msg
c7e1e13c T submit_control_msg
c7e1e144 T submit_int_msg
c7e1e14c T usb_lowlevel_init
c7e1e154 T usb_lowlevel_stop
c7e1e15c t td_fill
c7e1e210 T sohci_submit_job
c7e1e79c t s3c_nand_hwcontrol
c7e1e814 t s3c_nand_device_ready
c7e1e830 t s3c_nand_wait_enc
c7e1e848 t s3c_nand_wait_dec
c7e1e860 t s3c_nand_enable_hwecc
c7e1e8c4 t s3c_nand_calculate_ecc
c7e1e978 T s3c_nand_enable_hwecc_8bit
c7e1e9c8 T s3c_nand_calculate_ecc_8bit
c7e1ea7c T s3c_nand_write_page_8bit
c7e1eb34 t s3c_nand_write_oob_1bit
c7e1ec14 t s3c_nand_read_oob_1bit
c7e1ecd8 t s3c_nand_write_page_1bit
c7e1ee40 t s3c_nand_read_page_1bit
c7e1efe0 t s3c_nand_read_page_4bit
c7e1f0f4 t s3c_nand_write_page_4bit
c7e1f1c0 T board_nand_init
c7e1f560 t s3c_nand_correct_data
c7e1f75c T s3c_nand_correct_data_8bit
c7e1f8e4 T s3c_nand_read_page_8bit
c7e1f9e4 t s3c_nand_scan_bbt
c7e1f9e8 T s3c_usb_core_soft_reset
c7e1fa08 T s3c_usb_init_core
c7e1fa24 T s3c_usb_check_current_mode
c7e1fa38 T s3c_usb_set_soft_disconnect
c7e1fa4c T s3c_usb_clear_soft_disconnect
c7e1fa60 T s3c_usb_init_device
c7e1faa0 T s3c_usbc_activate
c7e1faa8 T s3c_usb_stop
c7e1fab0 T s3c_usb_set_inep_xfersize
c7e1fadc T s3c_usb_set_outep_xfersize
c7e1fb0c T s3c_usb_write_ep0_fifo
c7e1fb64 T s3c_usb_write_in_fifo
c7e1fbbc T s3c_usb_read_out_fifo
c7e1fc10 T s3c_usb_get_desc
c7e1fde0 T s3c_usb_clear_feature
c7e1fe5c T s3c_usb_set_feature
c7e1ffbc T s3c_usb_get_status
c7e20064 T s3c_usb_ep0_int_hndlr
c7e2027c T s3c_usb_set_otherspeed_conf_desc
c7e2039c T s3c_usb_transfer_ep0
c7e21060 T s3c_usb_int_bulkin
c7e2122c T s3c_usb_upload_start
c7e21458 T s3c_usb_download_start
c7e21664 T s3c_usb_dma_in_done
c7e21774 T s3c_usb_set_all_outep_nak
c7e2179c T s3c_usb_clear_all_outep_nak
c7e217c4 T s3c_usb_set_max_pktsize
c7e21874 T s3c_usb_set_endpoint
c7e218c8 T s3c_usb_set_descriptors
c7e21a64 T s3c_usb_check_speed
c7e21a7c T s3c_usb_clear_dnfile_info
c7e21abc T s3c_usb_clear_upfile_info
c7e21afc T s3c_usb_check_setconf
c7e21b2c T s3c_usb_set_opmode
c7e21bfc T s3c_usb_reset
c7e21c64 T s3c_usb_set_init
c7e21cc0 T s3c_usb_verify_checksum
c7e21d88 T s3c_usb_download_continue
c7e21f18 T s3c_usb_int_bulkout
c7e21f68 T s3c_usb_pkt_receive
c7e21fe8 T s3c_usb_print_pkt
c7e22034 T s3c_usb_dma_out_done
c7e22150 T s3c_usb_transfer
c7e22274 T s3c_udc_int_hndlr
c7e22310 T s3c_usb_wait_cable_insert
c7e2235c T s3c_usb_init_phy
c7e22394 T s3c_usbctl_init
c7e22458 t __fswab32
c7e22478 T do_bootm_linux
c7e228a8 T flush_cache
c7e228ac T GregorianDay
c7e229a0 T to_tm
c7e22ab0 T mktime
c7e22b44 t SetRTC_Access
c7e22b80 t bcd2bin
c7e22b94 t bin2bcd
c7e22bc8 T rtc_get
c7e22ccc T rtc_set
c7e22d6c T rtc_reset
c7e22d94 t nand_block_bad_scrub
c7e22d9c T nand_lock
c7e22df0 T nand_unlock
c7e22f00 T nand_get_lock_status
c7e22f8c T nand_read_opts
c7e23348 T nand_write_opts
c7e238b4 T nand_erase_opts
c7e23c20 T lcd_ctrl_init_8_10
c7e23e44 T lcd_ctrl_init_35
c7e24064 T lcd_ctrl_init_50
c7e2428c T lcd_ctrl_init_56
c7e244b0 T lcd_ctrl_init_70
c7e246d8 T lcd_ctrl_init_vga800
c7e248fc T __div64_32
c7e249f0 T __aeabi_uidiv
c7e249f0 T __udivsi3
c7e249f0 t .udivsi3_nodiv0
c7e24ae4 T __aeabi_uidivmod
c7e24b04 T __aeabi_idiv
c7e24b04 T __divsi3
c7e24b0c t .divsi3_nodiv0
c7e24c2c T __aeabi_idivmod
c7e24c4c T __aeabi_lasr
c7e24c4c T __ashrdi3
c7e24c68 T __aeabi_llsl
c7e24c68 T __ashldi3
c7e24c84 W __aeabi_idiv0
c7e24eb0 r C.8.2231
c7e24f30 r C.43.3271
c7e24f40 R version_string
c7e24f7a r default_nand_name
c7e24f7f r __FUNCTION__.4038
c7e24f8e r __FUNCTION__.2572
c7e24f9f r __FUNCTION__.3561
c7e24fad r __FUNCTION__.3076
c7e24fbf r C.19.2730
c7e24fc1 r nand_ecc_precalc_table
c7e250c4 r C.10.1950
c7e251e4 r baudrate_table
c7e251f8 r video_fontdata
c7e261f8 r crc16_tab
c7e263f8 r crc_table
c7e267f8 r border
c7e26844 r inflate_mask
c7e26888 R config_full
c7e26891 R config_full_total
c7e268b1 R config_high
c7e268ba R config_high_total
c7e268da R qualifier_desc
c7e268e4 R string_desc0
c7e268e8 R string_desc1
c7e268fe R string_desc2
c7e2692c r C.7.1894
c7e2d460 D init_sequence
c7e2d494 D NetOurVLAN
c7e2d496 D NetBcastAddr
c7e2d49c D NetOurNativeVLAN
c7e2d4a0 d nfs_offset
c7e2d4a4 D nand_curr_device
c7e2d4a8 d nand_oob_8
c7e2d5f8 d nand_oob_16
c7e2d748 d nand_oob_64
c7e2d898 d nand_oob_128
c7e2d9e8 D nand_flash_ids
c7e2dfd0 D nand_manuf_ids
c7e2e010 d bbt_main_descr
c7e2e034 d bbt_mirror_descr
c7e2e058 d agand_flashbased
c7e2e07c d smallpage_flashbased
c7e2e0a0 d largepage_flashbased
c7e2e0c4 d smallpage_memorybased
c7e2e0e8 d largepage_memorybased
c7e2e10c d bbt_pattern
c7e2e110 d mirror_pattern
c7e2e114 d scan_agand_pattern
c7e2e11a d scan_ff_pattern
c7e2e11c d hist_cur
c7e2e120 D load_addr
c7e2e124 D weekdays
c7e2e140 D op_table
c7e2e1a8 d do_echo
c7e2e1ac D dp_last_length
c7e2e1b0 D stdio_names
c7e2e1bc d av_
c7e2e5c4 d trim_threshold
c7e2e5c8 d mmap_threshold
c7e2e5cc d sbrk_base
c7e2e5d0 D default_environment
c7e2e6f8 D env_get_char
c7e2e6fc D default_environment_size
c7e2e700 D env_name_spec
c7e2e704 d blanks.2356
c7e2e72c d reserved_list
c7e2e7b0 D panel_info
c7e2e7ba D _ctype
c7e2e8bc d fixed_left
c7e2e8c0 d cplens
c7e2e93c d cplext
c7e2e9b8 d cpdist
c7e2ea30 d cpdext
c7e2eaa8 D zlib_version
c7e2eaac D z_errmsg
c7e2eacc d CH7026_REGS_VGA_800
c7e2ec2c D CH7026_REGS_VGA_640
c7e2eda4 D CH7026_REGS_TV
c7e2eee4 d s3c_nand_oob_64
c7e2f034 d s3c_nand_oob_16
c7e2f184 d s3c_nand_oob_mlc_64
c7e2f2d4 d s3c_nand_oob_mlc_128_8bit
c7e2f424 d s3c_nand_oob_mlc_232_8bit
c7e2f574 D test_pkt
c7e2f5ac d month_days
c7e2f5dc d autoplace_oobinfo
c7e2f72c d jffs2_oobinfo
c7e2f87c d yaffs_oobinfo
c7e2f9cc A __u_boot_cmd_start
c7e2f9cc D __u_boot_cmd_bdinfo
c7e2f9e4 D __u_boot_cmd_go
c7e2f9fc D __u_boot_cmd_reset
c7e2fa14 D __u_boot_cmd_bootm
c7e2fa2c D __u_boot_cmd_imls
c7e2fa44 D __u_boot_cmd_icache
c7e2fa5c D __u_boot_cmd_dcache
c7e2fa74 D __u_boot_cmd_branch
c7e2fa8c D __u_boot_cmd_date
c7e2faa4 D __u_boot_cmd_bootelf
c7e2fabc D __u_boot_cmd_bootvx
c7e2fad4 D __u_boot_cmd_fatload
c7e2faec D __u_boot_cmd_fatls
c7e2fb04 D __u_boot_cmd_fatinfo
c7e2fb1c D __u_boot_cmd_flinfo
c7e2fb34 D __u_boot_cmd_erase
c7e2fb4c D __u_boot_cmd_protect
c7e2fb64 D __u_boot_cmd_itest
c7e2fb7c D __u_boot_cmd_loads
c7e2fb94 D __u_boot_cmd_loadb
c7e2fbac D __u_boot_cmd_loady
c7e2fbc4 D __u_boot_cmd_md
c7e2fbdc D __u_boot_cmd_mm
c7e2fbf4 D __u_boot_cmd_nm
c7e2fc0c D __u_boot_cmd_mw
c7e2fc24 D __u_boot_cmd_cp
c7e2fc3c D __u_boot_cmd_cmp
c7e2fc54 D __u_boot_cmd_crc32
c7e2fc6c D __u_boot_cmd_base
c7e2fc84 D __u_boot_cmd_loop
c7e2fc9c D __u_boot_cmd_mtest
c7e2fcb4 D __u_boot_cmd_sleep
c7e2fccc D __u_boot_cmd_nand
c7e2fce4 D __u_boot_cmd_nboot
c7e2fcfc D __u_boot_cmd_bootp
c7e2fd14 D __u_boot_cmd_tftpboot
c7e2fd2c D __u_boot_cmd_rarpboot
c7e2fd44 D __u_boot_cmd_nfs
c7e2fd5c D __u_boot_cmd_ping
c7e2fd74 D __u_boot_cmd_printenv
c7e2fd8c D __u_boot_cmd_setenv
c7e2fda4 D __u_boot_cmd_saveenv
c7e2fdbc D __u_boot_cmd_usb
c7e2fdd4 D __u_boot_cmd_version
c7e2fdec D __u_boot_cmd_echo
c7e2fe04 D __u_boot_cmd_test
c7e2fe1c D __u_boot_cmd_exit
c7e2fe34 D __u_boot_cmd_help
c7e2fe4c D __u_boot_cmd_question_mark
c7e2fe64 D __u_boot_cmd_cls
c7e2fe7c D __u_boot_cmd_dnw
c7e2fe94 D __u_boot_cmd_movi
c7e2feac A __u_boot_cmd_end
c7e30000 R mmu_table
c7e34000 A __bss_start
c7e34000 B movi_hc
c7e34004 b timestamp
c7e34008 b lastdec
c7e3400c B timer_load_val
c7e34010 b mmc_dev
c7e34074 b HS_DMA_END
c7e34078 b rca
c7e3407c b wt_cnt_HSMMC
c7e34080 b BlockNum_HSMMC
c7e34084 b WriteBlockCnt_INT
c7e34088 b BufferBoundary_INT_Cnt
c7e3408c b CompareCnt_INT
c7e34090 b Compare_buffer_HSMMC
c7e34094 b HCLK
c7e34098 B card_type
c7e3409c b Tx_buffer_HSMMC
c7e340a0 b COMPARE_INT_DONE
c7e340a4 b rd_cnt_HSMMC
c7e340a8 b ReadBlockCnt_INT
c7e340ac b Rx_buffer_HSMMC
c7e340b0 b mem_malloc_brk
c7e340b4 b mem_malloc_start
c7e340b8 b mem_malloc_end
c7e340bc B monitor_flash_len
c7e340c0 B NetState
c7e340c4 b packetHandler
c7e340c8 B NetIPID
c7e340cc B NetOurIP
c7e340d0 B NetOurEther
c7e340d8 B NetPingIP
c7e340dc B NetTxPacket
c7e340e0 B NetArpWaitPacketIP
c7e340e4 B NetOurSubnetMask
c7e340e8 B NetOurGatewayIP
c7e340ec B NetArpWaitReplyIP
c7e340f0 B NetRxPkt
c7e340f4 B NetRxPktLen
c7e340f8 B NetArpWaitPacketMAC
c7e340fc B NetArpWaitTxPacket
c7e34100 B NetArpWaitTxPacketSize
c7e34104 B NetServerIP
c7e34108 B NetServerEther
c7e3410e b mac.2519
c7e34114 B NetEtherNullAddr
c7e3411a b PingSeqNo
c7e3411c B NetArpWaitTry
c7e34120 B NetArpWaitTimerStart
c7e34124 b timeHandler
c7e34128 b timeStart
c7e3412c b timeDelta
c7e34130 B PktBuf
c7e35f50 B NetRxPackets
c7e35f60 B NetArpWaitPacketBuf
c7e36580 B NetBootFileXferSize
c7e36584 B NetOurDNSIP
c7e36588 B NetOurNISDomain
c7e365a8 B NetOurHostName
c7e365c8 B NetOurRootPath
c7e36608 B NetBootFileSize
c7e3660a B BootFile
c7e3668c b TftpState
c7e36690 b tftp_filename
c7e36694 b TftpBlock
c7e36698 b TftpServerPort
c7e3669c b TftpOurPort
c7e366a0 b default_filename
c7e366b0 b TftpTimeoutCount
c7e366b4 b TftpBlockWrap
c7e366b8 b TftpBlockWrapOffset
c7e366bc b TftpLastBlock
c7e366c0 B BootpTry
c7e366c4 B BootpID
c7e366c8 B RarpTry
c7e366cc b rpc_id
c7e366d0 b NfsSrvMountPort
c7e366d4 b NfsSrvNfsPort
c7e366d8 b fs_mounted
c7e366dc b dirfh
c7e366fc b filefh
c7e3671c b NfsServerIP
c7e36720 b NfsOurPort
c7e36724 b NfsState
c7e36728 b nfs_path
c7e3672c b nfs_filename
c7e36730 b nfs_len
c7e36734 b NfsDownloadState
c7e36738 b nfs_path_buff
c7e36f38 b default_filename
c7e36f78 b NfsTimeoutCount
c7e36f7c B MoveData
c7e36f80 B nand_info
c7e37034 b nand_chip
c7e37138 b initted.2195
c7e3713c b hist_max
c7e37140 b hist_add_idx
c7e37144 B hist_num
c7e37148 B hist_lines
c7e38548 B hist_list
c7e38598 B console_buffer
c7e38698 B header
c7e386d8 b os_data_state
c7e386dc B os_data_count
c7e386e0 b os_data_addr
c7e386e4 b bin_start_address
c7e386e8 b k_data_escape
c7e386ec B os_data_init
c7e386f0 b k_data_escape_saved
c7e386f4 b os_data_state_saved
c7e386f8 b os_data_count_saved
c7e386fc b os_data_addr_saved
c7e38700 B os_data_char
c7e38704 B his_quote
c7e38708 B his_pad_count
c7e3870c B his_pad_char
c7e3870d B his_eol
c7e38710 B send_ptr
c7e38714 B send_parms
c7e38728 b a_b
c7e38740 B os_data_header
c7e38760 b base_address
c7e38764 B mm_last_addr
c7e38768 B mm_last_size
c7e3876c B dp_last_addr
c7e38770 B dp_last_size
c7e38774 b ctrlc_disabled
c7e38778 b ctrlc_was_pressed
c7e3877c B devlist
c7e38780 B stdio_devices
c7e3878c b top_pad
c7e38790 b n_mmaps_max
c7e38794 b current_mallinfo
c7e387bc b max_sbrked_mem
c7e387c0 b max_total_mem
c7e387c4 B env_ptr
c7e387c8 b local.2147
c7e387de b map
c7e388e0 b top_vars
c7e388e4 b flag_repeat
c7e388e8 b do_repeat
c7e388ec b the_command.2174
c7e389ec b buf.2614
c7e38a14 B last_return_code
c7e38a18 b ifs
c7e38a1c B nesting_level
c7e38a20 B osd_frame_buffer
c7e38a24 B lcd_line_length
c7e38a28 B lcd_color_fg
c7e38a2c B lcd_color_bg
c7e38a30 B lcd_console_address
c7e38a34 B lcd_base
c7e38a38 B console_col
c7e38a3a B console_row
c7e38a3c b lcd_size_in_env
c7e38a40 B lcd_is_enabled
c7e38a44 b asynch_allowed
c7e38a48 b usb_dev
c7e452c8 b usb_hub_index
c7e452cc b hub_dev
c7e453cc b dev_index
c7e453d0 B usb_started
c7e453d1 b setup_packet
c7e453dc b running
c7e453e0 b xyz
c7e4581c B ofsinfo
c7e45834 B ___strtok
c7e45838 b fixed_mem
c7e468c8 b fixed_lock
c7e468cc b fixed_built
c7e468d0 b fixed_bl
c7e468d4 b fixed_tl
c7e468d8 b fixed_bd
c7e468dc b fixed_td
c7e468e0 B flash_info
c7e46900 B ptd
c7e46904 b gohci
c7e469d0 B ohci_dev
c7e46b60 B urb_priv
c7e46c40 B gtd
c7e47d00 B ghcca
c7e47e00 B phcca
c7e47e04 B got_rhsc
c7e47e08 B devgone
c7e47f00 B boot_nand
c7e47f04 B cur_ecc_mode
c7e47f08 B nand_type
c7e47f0c B otg
c7e47f90 B remode_wakeup
c7e47f94 B get_status
c7e47f9a B config_value
c7e47f9c B get_intf
c7e47fa0 B s3c_usbd_dn_addr
c7e47fa4 B op_mode
c7e47fa8 B dn_filesize
c7e47fac B s3c_receive_done
c7e47fb0 B speed
c7e47fb4 B s3c_got_header
c7e47fb8 B DNW
c7e47fbc b params
c7e47fc0 b data_buf
c7e49fc0 b oob_buf
c7e4a0a8 b none_oobinfo
c7e4a1f8 A _end
