Archive member included because of file (symbol)

board/samsung/smdk6410/libsmdk6410.a(lowlevel_init.o)
                              cpu/s3c64xx/start.o (lowlevel_init)
cpu/s3c64xx/libs3c64xx.a(interrupts.o)
                              cpu/s3c64xx/start.o (do_irq)
cpu/s3c64xx/libs3c64xx.a(cpu.o)
                              cpu/s3c64xx/libs3c64xx.a(interrupts.o) (reset_cpu)
cpu/s3c64xx/libs3c64xx.a(hs_mmc.o)
                              cpu/s3c64xx/movi.o (hsmmc_reset)
cpu/s3c64xx/libs3c64xx.a(serial.o)
                              cpu/s3c64xx/libs3c64xx.a(cpu.o) (serial_getc)
cpu/s3c64xx/s3c6410/libs3c6410.a(speed.o)
                              cpu/s3c64xx/libs3c64xx.a(interrupts.o) (get_PCLK)
lib_arm/libarm.a(board.o)     lib_arm/div0.o (hang)
net/libnet.a(net.o)           lib_arm/libarm.a(board.o) (copy_filename)
net/libnet.a(tftp.o)          net/libnet.a(net.o) (TftpStart)
net/libnet.a(bootp.o)         net/libnet.a(net.o) (BootpRequest)
net/libnet.a(rarp.o)          net/libnet.a(net.o) (RarpRequest)
net/libnet.a(eth.o)           lib_arm/libarm.a(board.o) (eth_initialize)
net/libnet.a(nfs.o)           net/libnet.a(net.o) (NfsStart)
drivers/libdrivers.a(dm9000x.o)
                              net/libnet.a(net.o) (eth_send)
drivers/nand/libnand.a(nand.o)
                              lib_arm/libarm.a(board.o) (nand_init)
drivers/nand/libnand.a(nand_base.o)
                              drivers/nand/libnand.a(nand.o) (nand_scan)
drivers/nand/libnand.a(nand_ids.o)
                              drivers/nand/libnand.a(nand_base.o) (nand_flash_ids)
drivers/nand/libnand.a(nand_ecc.o)
                              drivers/nand/libnand.a(nand_base.o) (nand_calculate_ecc)
drivers/nand/libnand.a(nand_bbt.o)
                              drivers/nand/libnand.a(nand_base.o) (nand_isbad_bbt)
common/libcommon.a(main.o)    lib_arm/libarm.a(board.o) (main_loop)
common/libcommon.a(cmd_bdinfo.o)
                              (__u_boot_cmd_bdinfo)
common/libcommon.a(cmd_boot.o)
                              (__u_boot_cmd_go)
common/libcommon.a(cmd_bootm.o)
                              lib_arm/libarm.a(board.o) (load_addr)
common/libcommon.a(cmd_cache.o)
                              (__u_boot_cmd_icache)
common/libcommon.a(cmd_date.o)
                              (__u_boot_cmd_date)
common/libcommon.a(cmd_elf.o)
                              common/libcommon.a(cmd_bootm.o) (do_bootvx)
common/libcommon.a(cmd_fat.o)
                              (__u_boot_cmd_fatload)
common/libcommon.a(cmd_flash.o)
                              (__u_boot_cmd_flinfo)
common/libcommon.a(cmd_itest.o)
                              (__u_boot_cmd_itest)
common/libcommon.a(cmd_load.o)
                              (__u_boot_cmd_loads)
common/libcommon.a(cmd_mem.o)
                              common/libcommon.a(cmd_itest.o) (cmd_get_data_size)
common/libcommon.a(cmd_misc.o)
                              (__u_boot_cmd_sleep)
common/libcommon.a(cmd_nand.o)
                              (__u_boot_cmd_nand)
common/libcommon.a(cmd_net.o)
                              (__u_boot_cmd_bootp)
common/libcommon.a(cmd_nvedit.o)
                              lib_arm/libarm.a(board.o) (getenv_r)
common/libcommon.a(cmd_usb.o)
                              (__u_boot_cmd_usb)
common/libcommon.a(command.o)
                              common/libcommon.a(main.o) (find_cmd)
common/libcommon.a(console.o)
                              cpu/s3c64xx/movi.o (printf)
common/libcommon.a(devices.o)
                              lib_arm/libarm.a(board.o) (devices_init)
common/libcommon.a(dlmalloc.o)
                              drivers/nand/libnand.a(nand_base.o) (free)
common/libcommon.a(env_common.o)
                              common/libcommon.a(cmd_nvedit.o) (env_get_addr)
common/libcommon.a(env_nand.o)
                              common/libcommon.a(env_common.o) (env_get_char_spec)
common/libcommon.a(exports.o)
                              lib_arm/libarm.a(board.o) (jumptable_init)
common/libcommon.a(flash.o)   common/libcommon.a(cmd_load.o) (addr2info)
common/libcommon.a(hush.o)    common/libcommon.a(main.o) (u_boot_hush_start)
common/libcommon.a(lcd.o)     lib_arm/libarm.a(board.o) (lcd_setmem)
common/libcommon.a(lists.o)   common/libcommon.a(console.o) (ListGetPtrToItem)
common/libcommon.a(s_record.o)
                              common/libcommon.a(cmd_load.o) (srec_decode)
common/libcommon.a(usb.o)     common/libcommon.a(cmd_usb.o) (usb_get_dev_index)
common/libcommon.a(xyzModem.o)
                              common/libcommon.a(cmd_load.o) (xyzModem_error)
common/libcommon.a(cmd_usbd.o)
                              (__u_boot_cmd_dnw)
common/libcommon.a(cmd_movi.o)
                              (__u_boot_cmd_movi)
common/libcommon.a(crc16.o)   common/libcommon.a(xyzModem.o) (cyg_crc16)
lib_generic/libgeneric.a(crc32.o)
                              common/libcommon.a(cmd_bootm.o) (crc32)
lib_generic/libgeneric.a(ctype.o)
[...]
Memory Configuration

Name             Origin             Length             Attributes
*default*        0x00000000         0xffffffff

Linker script and memory map

                0x00000000                . = 0x0
                0x00000000                . = ALIGN (0x4)

.text           0xc7e00000    0x24eb0
 cpu/s3c64xx/start.o(.text)
 .text          0xc7e00000      0x480 cpu/s3c64xx/start.o
                0xc7e00040                _end_vect
                0xc7e0017c                theLastJump
                0xc7e00460                arm1136_cache_flush
                0xc7e0004c                _bss_start
                0xc7e00050                _bss_end
                0xc7e00048                _armboot_start
                0xc7e00120                copy_from_nand
                0xc7e00000                _start
 cpu/s3c64xx/s3c6410/cpu_init.o(.text)
 .text          0xc7e00480      0x15c cpu/s3c64xx/s3c6410/cpu_init.o
                0xc7e005b0                cleanFlushCache
                0xc7e005a4                cleanFlushDCache
                0xc7e00480                mem_ctrl_asm_init
                0xc7e00598                cleanDCache
 cpu/s3c64xx/onenand_cp.o(.text)
 .text          0xc7e005dc        0x0 cpu/s3c64xx/onenand_cp.o
 cpu/s3c64xx/nand_cp.o(.text)
 .text          0xc7e005dc      0x2f0 cpu/s3c64xx/nand_cp.o
                0xc7e006a8                copy_uboot_to_ram
                0xc7e008a0                beep
 cpu/s3c64xx/movi.o(.text)
 .text          0xc7e008cc       0xf4 cpu/s3c64xx/movi.o
                0xc7e008cc                movi_set_capacity
                0xc7e00990                movi_init
                0xc7e008d0                movi_set_ofs
                0xc7e00924                movi_bl2_copy
                0xc7e00968                movi_read_env
                0xc7e0097c                movi_write_env
 *(.text)
 .text          0xc7e009c0        0xc lib_arm/div0.o
                0xc7e009c4                __aeabi_ldiv0
                0xc7e009c8                __div0
                0xc7e009c0                raise
 .text          0xc7e009cc      0x2b8 board/samsung/smdk6410/libsmdk6410.a(lowlevel_init.o)
                0xc7e009d0                lowlevel_init
 .text          0xc7e00c84      0x49c cpu/s3c64xx/libs3c64xx.a(interrupts.o)
                0xc7e00ca8                set_timer
                0xc7e00cd8                reset_timer
                0xc7e01048                do_fiq
                0xc7e00e4c                interrupt_init
                0xc7e010fc                do_undefined_instruction
                0xc7e00ec8                show_regs
                0xc7e01024                do_irq
                0xc7e00e34                get_tbclk
                0xc7e00d24                get_timer
                0xc7e00cb8                reset_timer_masked
                0xc7e01008                bad_mode
                0xc7e00cdc                get_timer_masked
                0xc7e00d38                udelay
                0xc7e00dac                udelay_masked
                0xc7e010b4                do_prefetch_abort
                0xc7e00e20                get_ticks
                0xc7e00ca0                disable_interrupts
                0xc7e0106c                do_not_used
                0xc7e01090                do_data_abort
                0xc7e010d8                do_software_interrupt
                0xc7e00c9c                enable_interrupts
 .text          0xc7e01120      0x1a4 cpu/s3c64xx/libs3c64xx.a(cpu.o)
                0xc7e01248                cleanup_before_linux
                0xc7e011b0                dcache_enable
                0xc7e0115c                cpu_init
                0xc7e01164                icache_enable
                0xc7e011fc                branch_enable
                0xc7e012ac                do_reset
                0xc7e01218                branch_disable
                0xc7e01274                reset_cpu
                0xc7e01234                branch_status
                0xc7e01180                icache_disable
                0xc7e011e8                dcache_status
                0xc7e0119c                icache_status
                0xc7e011cc                dcache_disable
 .text          0xc7e012c4     0x140c cpu/s3c64xx/libs3c64xx.a(hs_mmc.o)
                0xc7e02108                test_hsmmc
                0xc7e01390                hsmmc_reset
                0xc7e013a4                hsmmc_set_gpio
                0xc7e012c4                mmc_get_dev
                0xc7e0171c                movi_read
                0xc7e01ae4                hsmmc_init
                0xc7e01864                movi_write
 .text          0xc7e026d0       0xb4 cpu/s3c64xx/libs3c64xx.a(serial.o)
                0xc7e026e0                serial_setbrg
                0xc7e02744                serial_tstc
                0xc7e02714                serial_putc
                0xc7e026e4                serial_init
                0xc7e0275c                serial_puts
                0xc7e026f4                serial_getc
 .text          0xc7e02784      0x254 cpu/s3c64xx/s3c6410/libs3c6410.a(speed.o)
                0xc7e02854                get_HCLK
                0xc7e02800                get_PCLK
                0xc7e027f8                get_FCLK
                0xc7e028a8                get_ARMCLK
                0xc7e027f0                get_UCLK
                0xc7e028d0                print_cpuinfo
 .text          0xc7e029d8      0x318 lib_arm/libarm.a(board.o)
                0xc7e02a34                hang
                0xc7e02af4                start_armboot
                0xc7e029d8                sbrk
                0xc7e02a0c                led_init
 .text          0xc7e02cf0     0x1268 net/libnet.a(net.o)
                0xc7e02ed4                getenv_IPaddr
                0xc7e02d94                NetCksumOk
                0xc7e038f4                NetSetTimeout
                0xc7e02db8                copy_filename
                0xc7e02ee4                NetEthHdrSize
                0xc7e02f80                ip_to_string
                0xc7e03adc                ArpTimeoutCheck
                0xc7e032e8                NetReceive
                0xc7e02e6c                string_to_ip
                0xc7e03924                NetSendUDPPacket
                0xc7e02fc0                print_IPaddr
                0xc7e030e4                NetSetEther
                0xc7e03b6c                NetLoop
                0xc7e031fc                ArpRequest
                0xc7e02f28                VLAN_to_string
                0xc7e02e5c                getenv_VLAN
                0xc7e02d4c                NetCksum
                0xc7e02fe4                NetSetIP
                0xc7e02e10                string_to_VLAN
                0xc7e03a60                NetStartAgain
                0xc7e02d3c                NetSetHandler
                0xc7e037b8                PingSend
                0xc7e031f8                NetSendPacket
 .text          0xc7e03f58      0x5fc net/libnet.a(tftp.o)
                0xc7e040cc                TftpStart
 .text          0xc7e04554      0x624 net/libnet.a(bootp.o)
                0xc7e045fc                BootpRequest
 .text          0xc7e04b78      0x1ac net/libnet.a(rarp.o)
                0xc7e04b78                RarpRequest
 .text          0xc7e04d24        0x8 net/libnet.a(eth.o)
                0xc7e04d24                eth_initialize
 .text          0xc7e04d2c      0xe84 net/libnet.a(nfs.o)
                0xc7e05558                NfsStart
 .text          0xc7e05bb0      0x6f4 drivers/libdrivers.a(dm9000x.o)
                0xc7e05ed8                eth_halt
                0xc7e06220                DM9000_get_enetaddr
                0xc7e05dc0                eth_rx
                0xc7e0609c                eth_init
                0xc7e05d50                eth_send
 .text          0xc7e062a4       0x9c drivers/nand/libnand.a(nand.o)
                0xc7e062a4                nand_init
 .text          0xc7e06340     0x30c0 drivers/nand/libnand.a(nand_base.o)
                0xc7e08e14                nand_read
                0xc7e0669c                nand_wait_ready
                0xc7e07180                nand_scan_ident
                0xc7e07be0                nand_scan
                0xc7e09060                nand_erase_nand
                0xc7e076fc                nand_scan_tail
                0xc7e07138                nand_release
 .text          0xc7e09400        0x0 drivers/nand/libnand.a(nand_ids.o)
 .text          0xc7e09400      0x224 drivers/nand/libnand.a(nand_ecc.o)
                0xc7e094f8                nand_correct_data
                0xc7e09400                nand_calculate_ecc
 .text          0xc7e09624     0x1700 drivers/nand/libnand.a(nand_bbt.o)
                0xc7e098c0                nand_isbad_bbt
                0xc7e0ac60                nand_default_bbt
                0xc7e0a528                nand_update_bbt
                0xc7e0a7ec                nand_scan_bbt
 .text          0xc7e0ad24     0x1208 common/libcommon.a(main.o)
                0xc7e0bd00                NAND_ARMMenu
                0xc7e0ad24                run_command
                0xc7e0b29c                readline
                0xc7e0be08                main_loop
                0xc7e0ba94                lcd_size_config
                0xc7e0bbe4                arm_USBfuse
                0xc7e0b93c                arm_sdfuse
 .text          0xc7e0bf2c       0xe8 common/libcommon.a(cmd_bdinfo.o)
                0xc7e0bf40                do_bdinfo
 .text          0xc7e0c014       0x80 common/libcommon.a(cmd_boot.o)
                0xc7e0c014                do_go
 .text          0xc7e0c094      0xbcc common/libcommon.a(cmd_bootm.o)
                0xc7e0c22c                print_image_hdr
                0xc7e0c0bc                gunzip
                0xc7e0c628                do_bootm
 .text          0xc7e0cc60      0x1c8 common/libcommon.a(cmd_cache.o)
                0xc7e0cc9c                do_branch
                0xc7e0cd20                do_dcache
                0xc7e0cda4                do_icache
 .text          0xc7e0ce28      0x328 common/libcommon.a(cmd_date.o)
                0xc7e0d03c                do_date
                0xc7e0ce6c                mk_date
 .text          0xc7e0d150      0x39c common/libcommon.a(cmd_elf.o)
                0xc7e0d448                do_bootelf
                0xc7e0d2cc                do_bootvx
                0xc7e0d150                valid_elf_image
                0xc7e0d1c4                load_elf_image
 .text          0xc7e0d4ec       0xd0 common/libcommon.a(cmd_fat.o)
                0xc7e0d57c                do_fat_fsload
                0xc7e0d4f4                do_fat_fsinfo
                0xc7e0d538                do_fat_ls
                0xc7e0d4ec                get_dev
 .text          0xc7e0d5bc      0x558 common/libcommon.a(cmd_flash.o)
                0xc7e0d78c                do_flinfo
                0xc7e0d660                flash_sect_erase
                0xc7e0d7fc                do_protect
                0xc7e0d9c8                do_flerase
                0xc7e0d5cc                flash_sect_protect
 .text          0xc7e0db14      0x2f0 common/libcommon.a(cmd_itest.o)
                0xc7e0db7c                binary_test
                0xc7e0dd5c                do_itest
 .text          0xc7e0de04      0xd0c common/libcommon.a(cmd_load.o)
                0xc7e0dea0                k_data_init
                0xc7e0df90                s1_sendpacket
                0xc7e0dfbc                handle_send_packet
                0xc7e0dee8                k_data_restore
                0xc7e0e180                send_nack
                0xc7e0e3a0                do_load_serial_bin
                0xc7e0df10                k_data_char
                0xc7e0de24                chk1
                0xc7e0dec0                k_data_save
                0xc7e0de04                ktrans
                0xc7e0df60                send_pad
                0xc7e0e1e0                send_ack
                0xc7e0ea30                do_load_serial
 .text          0xc7e0eb10      0xac4 common/libcommon.a(cmd_mem.o)
                0xc7e0eb10                do_mem_base
                0xc7e0f188                do_mem_mw
                0xc7e0eb54                do_mem_crc
                0xc7e0f3b8                do_mem_nm
                0xc7e0f3d8                do_mem_mm
                0xc7e0eeb4                do_mem_cp
                0xc7e0ec0c                do_mem_mtest
                0xc7e0efe4                do_mem_cmp
                0xc7e0ed38                cmd_get_data_size
                0xc7e0edb0                do_mem_loop
                0xc7e0f3f8                do_mem_md
 .text          0xc7e0f5d4       0x90 common/libcommon.a(cmd_misc.o)
                0xc7e0f5d4                do_sleep
 .text          0xc7e0f664     0x1270 common/libcommon.a(cmd_nand.o)
                0xc7e0f7ec                do_nandboot
                0xc7e0fa20                do_nand
 .text          0xc7e108d4      0x374 common/libcommon.a(cmd_net.o)
                0xc7e10c24                do_rarpb
                0xc7e108d4                do_ping
                0xc7e10c30                do_tftpb
                0xc7e10c3c                do_bootp
                0xc7e10c18                do_nfs
 .text          0xc7e10c48      0x888 common/libcommon.a(cmd_nvedit.o)
                0xc7e10da4                getenv
                0xc7e10e20                _do_setenv
                0xc7e10cb8                getenv_r
                0xc7e1132c                do_printenv
                0xc7e112f8                setenv
                0xc7e10d78                do_saveenv
                0xc7e112b8                do_setenv
 .text          0xc7e114d0      0xa44 common/libcommon.a(cmd_usb.o)
                0xc7e11bfc                usb_display_conf_desc
                0xc7e117c0                usb_show_tree_graph
                0xc7e114d0                usb_get_class_desc
                0xc7e11578                usb_display_ep_desc
                0xc7e11a0c                usb_display_desc
                0xc7e1164c                usb_display_class_sub
                0xc7e119d8                usb_show_tree
                0xc7e11b3c                usb_display_string
                0xc7e11b74                usb_display_if_desc
                0xc7e11ca8                usb_display_config
                0xc7e11d38                do_usb
 .text          0xc7e11f14      0x78c common/libcommon.a(command.o)
                0xc7e11fa8                do_echo
                0xc7e121f4                do_exit
                0xc7e11f14                find_cmd
                0xc7e12224                do_test
                0xc7e12028                do_help
                0xc7e121d4                do_version
 .text          0xc7e126a0      0x580 common/libcommon.a(console.o)
                0xc7e129a0                console_init_r
                0xc7e12960                printf
                0xc7e12840                console_assign
                0xc7e12bb8                getc
                0xc7e12918                puts
                0xc7e12824                dbg
                0xc7e12b44                serial_printf
                0xc7e12768                ftstc
                0xc7e128d0                fprintf
                0xc7e12ba0                tstc
                0xc7e12934                vprintf
                0xc7e12bd0                ctrlc
                0xc7e12b84                putc
                0xc7e127e8                disable_ctrlc
                0xc7e12740                fgetc
                0xc7e12800                had_ctrlc
                0xc7e12790                fputc
                0xc7e12830                console_init_f
                0xc7e12810                clear_ctrlc
                0xc7e127bc                fputs
 .text          0xc7e12c20      0x104 common/libcommon.a(devices.o)
                0xc7e12c3c                device_register
                0xc7e12c20                devices_done
                0xc7e12c60                devices_init
 .text          0xc7e12d24     0x1060 common/libcommon.a(dlmalloc.o)
                0xc7e13114                malloc
                0xc7e13804                pvalloc
                0xc7e13828                calloc
                0xc7e12d5c                malloc_usable_size
                0xc7e13908                realloc
                0xc7e12e18                malloc_trim
                0xc7e12d24                malloc_bin_reloc
                0xc7e12da0                mallopt
                0xc7e136f4                memalign
                0xc7e13110                cfree
                0xc7e1381c                valloc
                0xc7e12ee4                free
 .text          0xc7e13d84      0x124 common/libcommon.a(env_common.o)
                0xc7e13da4                env_get_addr
                0xc7e13e28                env_relocate
                0xc7e13dfc                env_crc_update
                0xc7e13d84                env_get_char_memory
 .text          0xc7e13ea8      0x1f0 common/libcommon.a(env_nand.o)
                0xc7e14010                env_relocate_spec
                0xc7e13ed0                saveenv
                0xc7e13ea8                env_get_char_spec
                0xc7e13eb4                env_init
 .text          0xc7e14098       0xc4 common/libcommon.a(exports.o)
                0xc7e140a4                jumptable_init
                0xc7e1409c                get_version
 .text          0xc7e1415c      0x1f4 common/libcommon.a(flash.o)
                0xc7e14260                flash_write
                0xc7e1415c                flash_protect
                0xc7e14258                addr2info
                0xc7e14270                flash_perror
 .text          0xc7e14350     0x1c40 common/libcommon.a(hush.o)
                0xc7e1473c                new_pipe
                0xc7e1448c                mapset
                0xc7e1571c                parse_string_outer
                0xc7e15088                update_ifs_map
                0xc7e156d8                parse_file_outer
                0xc7e1436c                simple_itoa
                0xc7e14a6c                reserved_word
                0xc7e144b8                u_boot_hush_start
 .text          0xc7e15f90      0x928 common/libcommon.a(lcd.o)
                0xc7e16078                lcd_setmem
                0xc7e160e0                lcd_setcolreg
                0xc7e16748                lcd_putc
                0xc7e160bc                calc_fbsize
                0xc7e16308                drv_lcd_init
                0xc7e160e4                lcd_ctrl_init
                0xc7e16028                lcd_enable
                0xc7e16878                lcd_puts
                0xc7e16040                lcd_panel_disable
                0xc7e16010                lcd_disable
 .text          0xc7e168b8      0x3f4 common/libcommon.a(lists.o)
                0xc7e16bcc                DisposeHandle
                0xc7e16bec                ListDispose
                0xc7e169f4                ListInsertItems
                0xc7e168c0                ListSetAllocationPolicy
                0xc7e16918                ListGetItemSize
                0xc7e1690c                ListGetDataPtr
                0xc7e16bf0                NewHandle
                0xc7e16978                SetHandleSize
                0xc7e16bc4                ListInsertItem
                0xc7e168b8                GetHandleSize
                0xc7e16924                ListNumItems
                0xc7e168d4                ListGetPtrToItem
                0xc7e16c4c                ListCreate
                0xc7e16930                ListGetItems
 .text          0xc7e16cac      0x2dc common/libcommon.a(s_record.o)
                0xc7e16d18                srec_decode
 .text          0xc7e16f88     0x1708 common/libcommon.a(usb.o)
                0xc7e17adc                usb_set_idle
                0xc7e16fa0                usb_maxpacket
                0xc7e182c0                usb_hub_probe
                0xc7e17390                usb_stop
                0xc7e18614                usb_init
                0xc7e16f88                usb_disable_asynch
                0xc7e17e2c                usb_clear_halt
                0xc7e173e4                usb_bulk_msg
                0xc7e179fc                usb_get_class_descriptor
                0xc7e185b0                usb_scan_devices
                0xc7e17710                usb_get_hub_descriptor
                0xc7e17548                usb_get_port_status
                0xc7e1738c                usb_submit_int_msg
                0xc7e171f8                usb_parse_config
                0xc7e17448                usb_control_msg
                0xc7e17b40                usb_set_protocol
                0xc7e17f24                usb_hub_port_connect_change
                0xc7e17c08                usb_set_interface
                0xc7e17114                usb_hub_allocate
                0xc7e178fc                usb_string
                0xc7e17a6c                usb_get_report
                0xc7e17d18                usb_get_descriptor
                0xc7e18080                usb_hub_configure
                0xc7e1776c                usb_get_string
                0xc7e173c0                wait_ms
                0xc7e176bc                usb_clear_hub_feature
                0xc7e17d84                usb_get_configuration_no
                0xc7e1765c                usb_clear_port_feature
                0xc7e175fc                usb_set_port_feature
                0xc7e18320                usb_new_device
                0xc7e175a8                usb_get_hub_status
                0xc7e17ba0                usb_set_configuration
                0xc7e16fc4                usb_set_maxpacket
                0xc7e17cd4                usb_set_address
                0xc7e1715c                usb_alloc_new_device
                0xc7e17100                usb_hub_reset
                0xc7e170d0                usb_get_dev_index
 .text          0xc7e18690      0x9d8 common/libcommon.a(xyzModem.o)
                0xc7e187b8                xyzModem_error
                0xc7e18854                xyzModem_stream_close
                0xc7e188a8                CYGACC_COMM_IF_GETC_TIMEOUT
                0xc7e18690                parse_num
                0xc7e18924                xyzModem_stream_terminate
                0xc7e18f08                xyzModem_stream_open
                0xc7e188a0                CYGACC_COMM_IF_PUTC
                0xc7e18c7c                xyzModem_stream_read
 .text          0xc7e19068      0x114 common/libcommon.a(cmd_usbd.o)
                0xc7e19068                do_usbd_dnw
 .text          0xc7e1917c      0x3b4 common/libcommon.a(cmd_movi.o)
                0xc7e1917c                do_movi
 .text          0xc7e19530       0x48 common/libcommon.a(crc16.o)
                0xc7e19530                cyg_crc16
 .text          0xc7e19578      0x220 lib_generic/libgeneric.a(crc32.o)
                0xc7e19578                crc32
                0xc7e1968c                crc32_no_comp
 .text          0xc7e19798        0x0 lib_generic/libgeneric.a(ctype.o)
 .text          0xc7e19798       0xc0 lib_generic/libgeneric.a(display_options.o)
                0xc7e19838                display_options
                0xc7e19798                print_size
 .text          0xc7e19858      0x598 lib_generic/libgeneric.a(string.o)
                0xc7e19858                strcpy
                0xc7e19cf8                memscan
                0xc7e19c5c                memmove
                0xc7e19c38                memcpy
                0xc7e19ba0                strswab
                0xc7e19a40                strnlen
                0xc7e19a08                strrchr
                0xc7e1989c                strcat
                0xc7e19d8c                memchr
                0xc7e19d28                strstr
                0xc7e1996c                strncmp
                0xc7e19874                strncpy
                0xc7e19c0c                bcopy
                0xc7e19aec                strtok
                0xc7e19cb8                memcmp
                0xc7e198d0                strncat
                0xc7e19dbc                strdup
                0xc7e19bec                memset
                0xc7e19934                strcmp
                0xc7e19b6c                strsep
                0xc7e19a68                strspn
                0xc7e199e8                strlen
                0xc7e199bc                strchr
                0xc7e19aac                strpbrk
 .text          0xc7e19df0      0x800 lib_generic/libgeneric.a(vsprintf.o)
                0xc7e1a1c4                vsprintf
                0xc7e19ea8                simple_strtol
                0xc7e1a174                panic
                0xc7e1a5c8                sprintf
                0xc7e19df0                simple_strtoul
 .text          0xc7e1a5f0     0x2d94 lib_generic/libgeneric.a(zlib.o)
                0xc7e1b6a4                inflate
                0xc7e1b140                inflateInit2
                0xc7e1b404                inflateIncomp
                0xc7e1b28c                adler32
                0xc7e1afe0                inflateReset
                0xc7e1b040                inflateSync
                0xc7e1b284                inflateInit
                0xc7e1af48                inflateEnd
 .text          0xc7e1d384      0x150 board/samsung/smdk6410/libsmdk6410.a(smdk6410.o)
                0xc7e1d3d4                dram_init
                0xc7e1d3f4                virt_to_phy_smdk6410
                0xc7e1d424                checkboard
                0xc7e1d384                board_init
                0xc7e1d43c                board_late_init
 .text          0xc7e1d4d4      0x5d0 board/samsung/smdk6410/libsmdk6410.a(flash.o)
                0xc7e1d854                flash_erase
                0xc7e1da58                flash_init
                0xc7e1d740                flash_print_info
                0xc7e1d5cc                write_buff
 .text          0xc7e1daa4      0x608 cpu/s3c64xx/libs3c64xx.a(i2c.o)
                0xc7e1de0c                i2c_write
                0xc7e1df9c                i2c_probe
                0xc7e1de9c                vga_init
                0xc7e1df04                i2c_read
                0xc7e1dfd8                i2c_init
 .text          0xc7e1e0ac      0x6f0 cpu/s3c64xx/libs3c64xx.a(usb_ohci.o)
                0xc7e1e124                rh_check_port_status
                0xc7e1e154                usb_lowlevel_stop
                0xc7e1e210                sohci_submit_job
                0xc7e1e144                submit_int_msg
                0xc7e1e134                submit_bulk_msg
                0xc7e1e13c                submit_control_msg
                0xc7e1e14c                usb_lowlevel_init
                0xc7e1e12c                submit_common_msg
 .text          0xc7e1e79c     0x124c cpu/s3c64xx/libs3c64xx.a(nand.o)
                0xc7e1f75c                s3c_nand_correct_data_8bit
                0xc7e1e9c8                s3c_nand_calculate_ecc_8bit
                0xc7e1ea7c                s3c_nand_write_page_8bit
                0xc7e1e978                s3c_nand_enable_hwecc_8bit
                0xc7e1f1c0                board_nand_init
                0xc7e1f8e4                s3c_nand_read_page_8bit
 .text          0xc7e1f9e8     0x2a70 cpu/s3c64xx/libs3c64xx.a(usbd-otg-hs.o)
                0xc7e21664                s3c_usb_dma_in_done
                0xc7e21774                s3c_usb_set_all_outep_nak
                0xc7e21abc                s3c_usb_clear_upfile_info
                0xc7e21cc0                s3c_usb_verify_checksum
                0xc7e21b2c                s3c_usb_set_opmode
                0xc7e21f68                s3c_usb_pkt_receive
                0xc7e22150                s3c_usb_transfer
                0xc7e21a7c                s3c_usb_clear_dnfile_info
                0xc7e21060                s3c_usb_int_bulkin
                0xc7e1fab0                s3c_usb_set_inep_xfersize
                0xc7e2039c                s3c_usb_transfer_ep0
                0xc7e2027c                s3c_usb_set_otherspeed_conf_desc
                0xc7e1fa38                s3c_usb_set_soft_disconnect
                0xc7e2179c                s3c_usb_clear_all_outep_nak
                0xc7e22394                s3c_usbctl_init
                0xc7e218c8                s3c_usb_set_descriptors
                0xc7e21f18                s3c_usb_int_bulkout
                0xc7e22274                s3c_udc_int_hndlr
                0xc7e1fadc                s3c_usb_set_outep_xfersize
                0xc7e1faa8                s3c_usb_stop
                0xc7e1fa60                s3c_usb_init_device
                0xc7e21afc                s3c_usb_check_setconf
                0xc7e1fe5c                s3c_usb_set_feature
                0xc7e22034                s3c_usb_dma_out_done
                0xc7e20064                s3c_usb_ep0_int_hndlr
                0xc7e21874                s3c_usb_set_endpoint
                0xc7e21d88                s3c_usb_download_continue
                0xc7e1fb64                s3c_usb_write_in_fifo
                0xc7e22310                s3c_usb_wait_cable_insert
                0xc7e1fde0                s3c_usb_clear_feature
                0xc7e1faa0                s3c_usbc_activate
                0xc7e1fb0c                s3c_usb_write_ep0_fifo
                0xc7e21458                s3c_usb_download_start
                0xc7e217c4                s3c_usb_set_max_pktsize
                0xc7e1fa24                s3c_usb_check_current_mode
                0xc7e1ffbc                s3c_usb_get_status
                0xc7e21a64                s3c_usb_check_speed
                0xc7e2122c                s3c_usb_upload_start
                0xc7e1fa08                s3c_usb_init_core
                0xc7e1fa4c                s3c_usb_clear_soft_disconnect
                0xc7e1f9e8                s3c_usb_core_soft_reset
                0xc7e21fe8                s3c_usb_print_pkt
                0xc7e21c64                s3c_usb_set_init
                0xc7e21bfc                s3c_usb_reset
                0xc7e1fc10                s3c_usb_get_desc
                0xc7e1fbbc                s3c_usb_read_out_fifo
                0xc7e2235c                s3c_usb_init_phy
 .text          0xc7e22458      0x450 lib_arm/libarm.a(armlinux.o)
                0xc7e22478                do_bootm_linux
 .text          0xc7e228a8        0x4 lib_arm/libarm.a(cache.o)
                0xc7e228a8                flush_cache
 .text          0xc7e228ac      0x298 rtc/librtc.a(date.o)
                0xc7e228ac                GregorianDay
                0xc7e22ab0                mktime
                0xc7e229a0                to_tm
 .text          0xc7e22b44      0x250 rtc/librtc.a(s3c64xx_rtc.o)
                0xc7e22ccc                rtc_set
                0xc7e22d6c                rtc_reset
                0xc7e22bc8                rtc_get
 .text          0xc7e22d94      0xe8c drivers/nand/libnand.a(nand_util.o)
                0xc7e22d9c                nand_lock
                0xc7e22df0                nand_unlock
                0xc7e22f00                nand_get_lock_status
                0xc7e238b4                nand_erase_opts
                0xc7e22f8c                nand_read_opts
                0xc7e23348                nand_write_opts
 .text          0xc7e23c20      0x224 drivers/video/libvideo.a(s3cfb_8_10.o)
                0xc7e23c20                lcd_ctrl_init_8_10
 .text          0xc7e23e44      0x220 drivers/video/libvideo.a(s3cfb_35.o)
                0xc7e23e44                lcd_ctrl_init_35
 .text          0xc7e24064      0x228 drivers/video/libvideo.a(s3cfb_50.o)
                0xc7e24064                lcd_ctrl_init_50
 .text          0xc7e2428c      0x224 drivers/video/libvideo.a(s3cfb_56.o)
                0xc7e2428c                lcd_ctrl_init_56
 .text          0xc7e244b0      0x228 drivers/video/libvideo.a(s3cfb_70.o)
                0xc7e244b0                lcd_ctrl_init_70
 .text          0xc7e246d8      0x224 drivers/video/libvideo.a(s3cfb_vga800.o)
                0xc7e246d8                lcd_ctrl_init_vga800
 .text          0xc7e248fc       0xf4 lib_generic/libgeneric.a(div64.o)
                0xc7e248fc                __div64_32
 .text          0xc7e249f0      0x114 /usr/local/arm/4.3.2/bin/../lib/gcc/arm-none-linux-gnueabi/4.3.2/armv4t/libgcc.a(_udivsi3.o)
                0xc7e249f0                __udivsi3
                0xc7e249f0                __aeabi_uidiv
                0xc7e24ae4                __aeabi_uidivmod
 .text          0xc7e24b04      0x148 /usr/local/arm/4.3.2/bin/../lib/gcc/arm-none-linux-gnueabi/4.3.2/armv4t/libgcc.a(_divsi3.o)
                0xc7e24b04                __aeabi_idiv
                0xc7e24b04                __divsi3
                0xc7e24c2c                __aeabi_idivmod
 .text          0xc7e24c4c       0x1c /usr/local/arm/4.3.2/bin/../lib/gcc/arm-none-linux-gnueabi/4.3.2/armv4t/libgcc.a(_ashrdi3.o)
                0xc7e24c4c                __ashrdi3
                0xc7e24c4c                __aeabi_lasr
 .text          0xc7e24c68       0x1c /usr/local/arm/4.3.2/bin/../lib/gcc/arm-none-linux-gnueabi/4.3.2/armv4t/libgcc.a(_ashldi3.o)
                0xc7e24c68                __ashldi3
                0xc7e24c68                __aeabi_llsl
 .text          0xc7e24c84       0x14 /usr/local/arm/4.3.2/bin/../lib/gcc/arm-none-linux-gnueabi/4.3.2/armv4t/libgcc.a(_dvmd_lnx.o)
                0xc7e24c84                __aeabi_idiv0
 lib_arm/div0.o()
 .data          0xc7e24c98        0x0 lib_arm/div0.o
 .bss           0xc7e24c98        0x0 lib_arm/div0.o
 .debug_abbrev  0xc7e24c98       0x29 lib_arm/div0.o
 .debug_info    0xc7e24cc1       0x5f lib_arm/div0.o
 .debug_line    0xc7e24d20       0x41 lib_arm/div0.o
 *fill*         0xc7e24d61        0x3 00
 .debug_frame   0xc7e24d64       0x40 lib_arm/div0.o
 .debug_pubnames
                0xc7e24da4       0x39 lib_arm/div0.o
 .debug_aranges
                0xc7e24ddd       0x20 lib_arm/div0.o
 .debug_str     0xc7e24dfd       0x5f lib_arm/div0.o
 .comment       0xc7e24e5c       0x2a lib_arm/div0.o
 .note.GNU-stack
                0xc7e24e86        0x0 lib_arm/div0.o
 .ARM.attributes
                0xc7e24e86       0x28 lib_arm/div0.o
 *fill*         0xc7e24eae        0x2 00
 .glue_7        0xc7e24eb0        0x0 lib_arm/div0.o
 .glue_7t       0xc7e24eb0        0x0 lib_arm/div0.o
 .vfp11_veneer  0xc7e24eb0        0x0 lib_arm/div0.o
 .janus_2cc_veneer
                0xc7e24eb0        0x0 lib_arm/div0.o
 .v4_bx         0xc7e24eb0        0x0 lib_arm/div0.o

.glue_7         0xc7e24eb0        0x0
 .glue_7        0xc7e24eb0        0x0 cpu/s3c64xx/start.o
 .glue_7        0xc7e24eb0        0x0 cpu/s3c64xx/s3c6410/cpu_init.o
 .glue_7        0xc7e24eb0        0x0 cpu/s3c64xx/onenand_cp.o
 .glue_7        0xc7e24eb0        0x0 cpu/s3c64xx/nand_cp.o
 .glue_7        0xc7e24eb0        0x0 cpu/s3c64xx/movi.o
 .glue_7        0xc7e24eb0        0x0 board/samsung/smdk6410/libsmdk6410.a(lowlevel_init.o)
 .glue_7        0xc7e24eb0        0x0 cpu/s3c64xx/libs3c64xx.a(interrupts.o)
 .glue_7        0xc7e24eb0        0x0 cpu/s3c64xx/libs3c64xx.a(cpu.o)
 .glue_7        0xc7e24eb0        0x0 cpu/s3c64xx/libs3c64xx.a(hs_mmc.o)
 .glue_7        0xc7e24eb0        0x0 cpu/s3c64xx/libs3c64xx.a(serial.o)
 .glue_7        0xc7e24eb0        0x0 cpu/s3c64xx/s3c6410/libs3c6410.a(speed.o)
 .glue_7        0xc7e24eb0        0x0 lib_arm/libarm.a(board.o)
 .glue_7        0xc7e24eb0        0x0 net/libnet.a(net.o)
 .glue_7        0xc7e24eb0        0x0 net/libnet.a(tftp.o)
 .glue_7        0xc7e24eb0        0x0 net/libnet.a(bootp.o)
 .glue_7        0xc7e24eb0        0x0 net/libnet.a(rarp.o)
 .glue_7        0xc7e24eb0        0x0 net/libnet.a(eth.o)
 .glue_7        0xc7e24eb0        0x0 net/libnet.a(nfs.o)
 .glue_7        0xc7e24eb0        0x0 drivers/libdrivers.a(dm9000x.o)
 .glue_7        0xc7e24eb0        0x0 drivers/nand/libnand.a(nand.o)
 .glue_7        0xc7e24eb0        0x0 drivers/nand/libnand.a(nand_base.o)
 .glue_7        0xc7e24eb0        0x0 drivers/nand/libnand.a(nand_ids.o)
 .glue_7        0xc7e24eb0        0x0 drivers/nand/libnand.a(nand_ecc.o)
 .glue_7        0xc7e24eb0        0x0 drivers/nand/libnand.a(nand_bbt.o)
 .glue_7        0xc7e24eb0        0x0 common/libcommon.a(main.o)
 .glue_7        0xc7e24eb0        0x0 common/libcommon.a(cmd_bdinfo.o)
 .glue_7        0xc7e24eb0        0x0 common/libcommon.a(cmd_boot.o)
 .glue_7        0xc7e24eb0        0x0 common/libcommon.a(cmd_bootm.o)
 .glue_7        0xc7e24eb0        0x0 common/libcommon.a(cmd_cache.o)
 .glue_7        0xc7e24eb0        0x0 common/libcommon.a(cmd_date.o)
 .glue_7        0xc7e24eb0        0x0 common/libcommon.a(cmd_elf.o)
 .glue_7        0xc7e24eb0        0x0 common/libcommon.a(cmd_fat.o)
 .glue_7        0xc7e24eb0        0x0 common/libcommon.a(cmd_flash.o)
 .glue_7        0xc7e24eb0        0x0 common/libcommon.a(cmd_itest.o)
 .glue_7        0xc7e24eb0        0x0 common/libcommon.a(cmd_load.o)
 .glue_7        0xc7e24eb0        0x0 common/libcommon.a(cmd_mem.o)
 .glue_7        0xc7e24eb0        0x0 common/libcommon.a(cmd_misc.o)
 .glue_7        0xc7e24eb0        0x0 common/libcommon.a(cmd_nand.o)
 .glue_7        0xc7e24eb0        0x0 common/libcommon.a(cmd_net.o)
 .glue_7        0xc7e24eb0        0x0 common/libcommon.a(cmd_nvedit.o)
 .glue_7        0xc7e24eb0        0x0 common/libcommon.a(cmd_usb.o)
 .glue_7        0xc7e24eb0        0x0 common/libcommon.a(command.o)
 .glue_7        0xc7e24eb0        0x0 common/libcommon.a(console.o)
 .glue_7        0xc7e24eb0        0x0 common/libcommon.a(devices.o)
 .glue_7        0xc7e24eb0        0x0 common/libcommon.a(dlmalloc.o)
 .glue_7        0xc7e24eb0        0x0 common/libcommon.a(env_common.o)
 .glue_7        0xc7e24eb0        0x0 common/libcommon.a(env_nand.o)
 .glue_7        0xc7e24eb0        0x0 common/libcommon.a(exports.o)
 .glue_7        0xc7e24eb0        0x0 common/libcommon.a(flash.o)
 .glue_7        0xc7e24eb0        0x0 common/libcommon.a(hush.o)
 .glue_7        0xc7e24eb0        0x0 common/libcommon.a(lcd.o)
 .glue_7        0xc7e24eb0        0x0 common/libcommon.a(lists.o)
 .glue_7        0xc7e24eb0        0x0 common/libcommon.a(s_record.o)
 .glue_7        0xc7e24eb0        0x0 common/libcommon.a(usb.o)
 .glue_7        0xc7e24eb0        0x0 common/libcommon.a(xyzModem.o)
 .glue_7        0xc7e24eb0        0x0 common/libcommon.a(cmd_usbd.o)
 .glue_7        0xc7e24eb0        0x0 common/libcommon.a(cmd_movi.o)
 .glue_7        0xc7e24eb0        0x0 common/libcommon.a(crc16.o)
 .glue_7        0xc7e24eb0        0x0 lib_generic/libgeneric.a(crc32.o)
 .glue_7        0xc7e24eb0        0x0 lib_generic/libgeneric.a(ctype.o)
 .glue_7        0xc7e24eb0        0x0 lib_generic/libgeneric.a(display_options.o)
 .glue_7        0xc7e24eb0        0x0 lib_generic/libgeneric.a(string.o)
 .glue_7        0xc7e24eb0        0x0 lib_generic/libgeneric.a(vsprintf.o)
 .glue_7        0xc7e24eb0        0x0 lib_generic/libgeneric.a(zlib.o)
 .glue_7        0xc7e24eb0        0x0 board/samsung/smdk6410/libsmdk6410.a(smdk6410.o)
 .glue_7        0xc7e24eb0        0x0 board/samsung/smdk6410/libsmdk6410.a(flash.o)
 .glue_7        0xc7e24eb0        0x0 cpu/s3c64xx/libs3c64xx.a(i2c.o)
 .glue_7        0xc7e24eb0        0x0 cpu/s3c64xx/libs3c64xx.a(usb_ohci.o)
 .glue_7        0xc7e24eb0        0x0 cpu/s3c64xx/libs3c64xx.a(nand.o)
 .glue_7        0xc7e24eb0        0x0 cpu/s3c64xx/libs3c64xx.a(usbd-otg-hs.o)
 .glue_7        0xc7e24eb0        0x0 lib_arm/libarm.a(armlinux.o)
 .glue_7        0xc7e24eb0        0x0 lib_arm/libarm.a(cache.o)
 .glue_7        0xc7e24eb0        0x0 rtc/librtc.a(date.o)
 .glue_7        0xc7e24eb0        0x0 rtc/librtc.a(s3c64xx_rtc.o)
 .glue_7        0xc7e24eb0        0x0 drivers/nand/libnand.a(nand_util.o)
 .glue_7        0xc7e24eb0        0x0 drivers/video/libvideo.a(s3cfb_8_10.o)
 .glue_7        0xc7e24eb0        0x0 drivers/video/libvideo.a(s3cfb_35.o)
 .glue_7        0xc7e24eb0        0x0 drivers/video/libvideo.a(s3cfb_50.o)
 .glue_7        0xc7e24eb0        0x0 drivers/video/libvideo.a(s3cfb_56.o)
 .glue_7        0xc7e24eb0        0x0 drivers/video/libvideo.a(s3cfb_70.o)
 .glue_7        0xc7e24eb0        0x0 drivers/video/libvideo.a(s3cfb_vga800.o)
 .glue_7        0xc7e24eb0        0x0 lib_generic/libgeneric.a(div64.o)
 .glue_7        0xc7e24eb0        0x0 /usr/local/arm/4.3.2/bin/../lib/gcc/arm-none-linux-gnueabi/4.3.2/armv4t/libgcc.a(_udivsi3.o)
 .glue_7        0xc7e24eb0        0x0 /usr/local/arm/4.3.2/bin/../lib/gcc/arm-none-linux-gnueabi/4.3.2/armv4t/libgcc.a(_divsi3.o)
 .glue_7        0xc7e24eb0        0x0 /usr/local/arm/4.3.2/bin/../lib/gcc/arm-none-linux-gnueabi/4.3.2/armv4t/libgcc.a(_ashrdi3.o)
 .glue_7        0xc7e24eb0        0x0 /usr/local/arm/4.3.2/bin/../lib/gcc/arm-none-linux-gnueabi/4.3.2/armv4t/libgcc.a(_ashldi3.o)
 .glue_7        0xc7e24eb0        0x0 /usr/local/arm/4.3.2/bin/../lib/gcc/arm-none-linux-gnueabi/4.3.2/armv4t/libgcc.a(_dvmd_lnx.o)

.glue_7t        0xc7e24eb0        0x0
 .glue_7t       0xc7e24eb0        0x0 cpu/s3c64xx/start.o
 .glue_7t       0xc7e24eb0        0x0 cpu/s3c64xx/s3c6410/cpu_init.o
 .glue_7t       0xc7e24eb0        0x0 cpu/s3c64xx/onenand_cp.o
 .glue_7t       0xc7e24eb0        0x0 cpu/s3c64xx/nand_cp.o
 .glue_7t       0xc7e24eb0        0x0 cpu/s3c64xx/movi.o
 .glue_7t       0xc7e24eb0        0x0 board/samsung/smdk6410/libsmdk6410.a(lowlevel_init.o)
 .glue_7t       0xc7e24eb0        0x0 cpu/s3c64xx/libs3c64xx.a(interrupts.o)
 .glue_7t       0xc7e24eb0        0x0 cpu/s3c64xx/libs3c64xx.a(cpu.o)
 .glue_7t       0xc7e24eb0        0x0 cpu/s3c64xx/libs3c64xx.a(hs_mmc.o)
 .glue_7t       0xc7e24eb0        0x0 cpu/s3c64xx/libs3c64xx.a(serial.o)
 .glue_7t       0xc7e24eb0        0x0 cpu/s3c64xx/s3c6410/libs3c6410.a(speed.o)
 .glue_7t       0xc7e24eb0        0x0 lib_arm/libarm.a(board.o)
 .glue_7t       0xc7e24eb0        0x0 net/libnet.a(net.o)
 .glue_7t       0xc7e24eb0        0x0 net/libnet.a(tftp.o)
 .glue_7t       0xc7e24eb0        0x0 net/libnet.a(bootp.o)
 .glue_7t       0xc7e24eb0        0x0 net/libnet.a(rarp.o)
 .glue_7t       0xc7e24eb0        0x0 net/libnet.a(eth.o)
 .glue_7t       0xc7e24eb0        0x0 net/libnet.a(nfs.o)
 .glue_7t       0xc7e24eb0        0x0 drivers/libdrivers.a(dm9000x.o)
 .glue_7t       0xc7e24eb0        0x0 drivers/nand/libnand.a(nand.o)
 .glue_7t       0xc7e24eb0        0x0 drivers/nand/libnand.a(nand_base.o)
 .glue_7t       0xc7e24eb0        0x0 drivers/nand/libnand.a(nand_ids.o)
 .glue_7t       0xc7e24eb0        0x0 drivers/nand/libnand.a(nand_ecc.o)
 .glue_7t       0xc7e24eb0        0x0 drivers/nand/libnand.a(nand_bbt.o)
 .glue_7t       0xc7e24eb0        0x0 common/libcommon.a(main.o)
 .glue_7t       0xc7e24eb0        0x0 common/libcommon.a(cmd_bdinfo.o)
 .glue_7t       0xc7e24eb0        0x0 common/libcommon.a(cmd_boot.o)
 .glue_7t       0xc7e24eb0        0x0 common/libcommon.a(cmd_bootm.o)
 .glue_7t       0xc7e24eb0        0x0 common/libcommon.a(cmd_cache.o)
 .glue_7t       0xc7e24eb0        0x0 common/libcommon.a(cmd_date.o)
 .glue_7t       0xc7e24eb0        0x0 common/libcommon.a(cmd_elf.o)
 .glue_7t       0xc7e24eb0        0x0 common/libcommon.a(cmd_fat.o)
 .glue_7t       0xc7e24eb0        0x0 common/libcommon.a(cmd_flash.o)
 .glue_7t       0xc7e24eb0        0x0 common/libcommon.a(cmd_itest.o)
 .glue_7t       0xc7e24eb0        0x0 common/libcommon.a(cmd_load.o)
 .glue_7t       0xc7e24eb0        0x0 common/libcommon.a(cmd_mem.o)
 .glue_7t       0xc7e24eb0        0x0 common/libcommon.a(cmd_misc.o)
 .glue_7t       0xc7e24eb0        0x0 common/libcommon.a(cmd_nand.o)
 .glue_7t       0xc7e24eb0        0x0 common/libcommon.a(cmd_net.o)
 .glue_7t       0xc7e24eb0        0x0 common/libcommon.a(cmd_nvedit.o)
 .glue_7t       0xc7e24eb0        0x0 common/libcommon.a(cmd_usb.o)
 .glue_7t       0xc7e24eb0        0x0 common/libcommon.a(command.o)
 .glue_7t       0xc7e24eb0        0x0 common/libcommon.a(console.o)
 .glue_7t       0xc7e24eb0        0x0 common/libcommon.a(devices.o)
 .glue_7t       0xc7e24eb0        0x0 common/libcommon.a(dlmalloc.o)
 .glue_7t       0xc7e24eb0        0x0 common/libcommon.a(env_common.o)
 .glue_7t       0xc7e24eb0        0x0 common/libcommon.a(env_nand.o)
 .glue_7t       0xc7e24eb0        0x0 common/libcommon.a(exports.o)
 .glue_7t       0xc7e24eb0        0x0 common/libcommon.a(flash.o)
 .glue_7t       0xc7e24eb0        0x0 common/libcommon.a(hush.o)
 .glue_7t       0xc7e24eb0        0x0 common/libcommon.a(lcd.o)
 .glue_7t       0xc7e24eb0        0x0 common/libcommon.a(lists.o)
 .glue_7t       0xc7e24eb0        0x0 common/libcommon.a(s_record.o)
 .glue_7t       0xc7e24eb0        0x0 common/libcommon.a(usb.o)
 .glue_7t       0xc7e24eb0        0x0 common/libcommon.a(xyzModem.o)
 .glue_7t       0xc7e24eb0        0x0 common/libcommon.a(cmd_usbd.o)
 .glue_7t       0xc7e24eb0        0x0 common/libcommon.a(cmd_movi.o)
 .glue_7t       0xc7e24eb0        0x0 common/libcommon.a(crc16.o)
 .glue_7t       0xc7e24eb0        0x0 lib_generic/libgeneric.a(crc32.o)
 .glue_7t       0xc7e24eb0        0x0 lib_generic/libgeneric.a(ctype.o)
 .glue_7t       0xc7e24eb0        0x0 lib_generic/libgeneric.a(display_options.o)
 .glue_7t       0xc7e24eb0        0x0 lib_generic/libgeneric.a(string.o)
 .glue_7t       0xc7e24eb0        0x0 lib_generic/libgeneric.a(vsprintf.o)
 .glue_7t       0xc7e24eb0        0x0 lib_generic/libgeneric.a(zlib.o)
 .glue_7t       0xc7e24eb0        0x0 board/samsung/smdk6410/libsmdk6410.a(smdk6410.o)
 .glue_7t       0xc7e24eb0        0x0 board/samsung/smdk6410/libsmdk6410.a(flash.o)
 .glue_7t       0xc7e24eb0        0x0 cpu/s3c64xx/libs3c64xx.a(i2c.o)
 .glue_7t       0xc7e24eb0        0x0 cpu/s3c64xx/libs3c64xx.a(usb_ohci.o)
 .glue_7t       0xc7e24eb0        0x0 cpu/s3c64xx/libs3c64xx.a(nand.o)
 .glue_7t       0xc7e24eb0        0x0 cpu/s3c64xx/libs3c64xx.a(usbd-otg-hs.o)
 .glue_7t       0xc7e24eb0        0x0 lib_arm/libarm.a(armlinux.o)
 .glue_7t       0xc7e24eb0        0x0 lib_arm/libarm.a(cache.o)
 .glue_7t       0xc7e24eb0        0x0 rtc/librtc.a(date.o)
 .glue_7t       0xc7e24eb0        0x0 rtc/librtc.a(s3c64xx_rtc.o)
 .glue_7t       0xc7e24eb0        0x0 drivers/nand/libnand.a(nand_util.o)
 .glue_7t       0xc7e24eb0        0x0 drivers/video/libvideo.a(s3cfb_8_10.o)
 .glue_7t       0xc7e24eb0        0x0 drivers/video/libvideo.a(s3cfb_35.o)
 .glue_7t       0xc7e24eb0        0x0 drivers/video/libvideo.a(s3cfb_50.o)
 .glue_7t       0xc7e24eb0        0x0 drivers/video/libvideo.a(s3cfb_56.o)
 .glue_7t       0xc7e24eb0        0x0 drivers/video/libvideo.a(s3cfb_70.o)
 .glue_7t       0xc7e24eb0        0x0 drivers/video/libvideo.a(s3cfb_vga800.o)
 .glue_7t       0xc7e24eb0        0x0 lib_generic/libgeneric.a(div64.o)
 .glue_7t       0xc7e24eb0        0x0 /usr/local/arm/4.3.2/bin/../lib/gcc/arm-none-linux-gnueabi/4.3.2/armv4t/libgcc.a(_udivsi3.o)
 .glue_7t       0xc7e24eb0        0x0 /usr/local/arm/4.3.2/bin/../lib/gcc/arm-none-linux-gnueabi/4.3.2/armv4t/libgcc.a(_divsi3.o)
 .glue_7t       0xc7e24eb0        0x0 /usr/local/arm/4.3.2/bin/../lib/gcc/arm-none-linux-gnueabi/4.3.2/armv4t/libgcc.a(_ashrdi3.o)
 .glue_7t       0xc7e24eb0        0x0 /usr/local/arm/4.3.2/bin/../lib/gcc/arm-none-linux-gnueabi/4.3.2/armv4t/libgcc.a(_ashldi3.o)
 .glue_7t       0xc7e24eb0        0x0 /usr/local/arm/4.3.2/bin/../lib/gcc/arm-none-linux-gnueabi/4.3.2/armv4t/libgcc.a(_dvmd_lnx.o)

.vfp11_veneer   0xc7e24eb0        0x0
 .vfp11_veneer  0xc7e24eb0        0x0 cpu/s3c64xx/start.o
 .vfp11_veneer  0xc7e24eb0        0x0 cpu/s3c64xx/s3c6410/cpu_init.o
 .vfp11_veneer  0xc7e24eb0        0x0 cpu/s3c64xx/onenand_cp.o
 .vfp11_veneer  0xc7e24eb0        0x0 cpu/s3c64xx/nand_cp.o
 .vfp11_veneer  0xc7e24eb0        0x0 cpu/s3c64xx/movi.o
 .vfp11_veneer  0xc7e24eb0        0x0 board/samsung/smdk6410/libsmdk6410.a(lowlevel_init.o)
 .vfp11_veneer  0xc7e24eb0        0x0 cpu/s3c64xx/libs3c64xx.a(interrupts.o)
 .vfp11_veneer  0xc7e24eb0        0x0 cpu/s3c64xx/libs3c64xx.a(cpu.o)
 .vfp11_veneer  0xc7e24eb0        0x0 cpu/s3c64xx/libs3c64xx.a(hs_mmc.o)
 .vfp11_veneer  0xc7e24eb0        0x0 cpu/s3c64xx/libs3c64xx.a(serial.o)
 .vfp11_veneer  0xc7e24eb0        0x0 cpu/s3c64xx/s3c6410/libs3c6410.a(speed.o)
 .vfp11_veneer  0xc7e24eb0        0x0 lib_arm/libarm.a(board.o)
 .vfp11_veneer  0xc7e24eb0        0x0 net/libnet.a(net.o)
 .vfp11_veneer  0xc7e24eb0        0x0 net/libnet.a(tftp.o)
 .vfp11_veneer  0xc7e24eb0        0x0 net/libnet.a(bootp.o)
 .vfp11_veneer  0xc7e24eb0        0x0 net/libnet.a(rarp.o)
 .vfp11_veneer  0xc7e24eb0        0x0 net/libnet.a(eth.o)
 .vfp11_veneer  0xc7e24eb0        0x0 net/libnet.a(nfs.o)
 .vfp11_veneer  0xc7e24eb0        0x0 drivers/libdrivers.a(dm9000x.o)
 .vfp11_veneer  0xc7e24eb0        0x0 drivers/nand/libnand.a(nand.o)
 .vfp11_veneer  0xc7e24eb0        0x0 drivers/nand/libnand.a(nand_base.o)
 .vfp11_veneer  0xc7e24eb0        0x0 drivers/nand/libnand.a(nand_ids.o)
 .vfp11_veneer  0xc7e24eb0        0x0 drivers/nand/libnand.a(nand_ecc.o)
 .vfp11_veneer  0xc7e24eb0        0x0 drivers/nand/libnand.a(nand_bbt.o)
 .vfp11_veneer  0xc7e24eb0        0x0 common/libcommon.a(main.o)
 .vfp11_veneer  0xc7e24eb0        0x0 common/libcommon.a(cmd_bdinfo.o)
 .vfp11_veneer  0xc7e24eb0        0x0 common/libcommon.a(cmd_boot.o)
 .vfp11_veneer  0xc7e24eb0        0x0 common/libcommon.a(cmd_bootm.o)
 .vfp11_veneer  0xc7e24eb0        0x0 common/libcommon.a(cmd_cache.o)
 .vfp11_veneer  0xc7e24eb0        0x0 common/libcommon.a(cmd_date.o)
 .vfp11_veneer  0xc7e24eb0        0x0 common/libcommon.a(cmd_elf.o)
 .vfp11_veneer  0xc7e24eb0        0x0 common/libcommon.a(cmd_fat.o)
 .vfp11_veneer  0xc7e24eb0        0x0 common/libcommon.a(cmd_flash.o)
 .vfp11_veneer  0xc7e24eb0        0x0 common/libcommon.a(cmd_itest.o)
 .vfp11_veneer  0xc7e24eb0        0x0 common/libcommon.a(cmd_load.o)
 .vfp11_veneer  0xc7e24eb0        0x0 common/libcommon.a(cmd_mem.o)
 .vfp11_veneer  0xc7e24eb0        0x0 common/libcommon.a(cmd_misc.o)
 .vfp11_veneer  0xc7e24eb0        0x0 common/libcommon.a(cmd_nand.o)
 .vfp11_veneer  0xc7e24eb0        0x0 common/libcommon.a(cmd_net.o)
 .vfp11_veneer  0xc7e24eb0        0x0 common/libcommon.a(cmd_nvedit.o)
 .vfp11_veneer  0xc7e24eb0        0x0 common/libcommon.a(cmd_usb.o)
 .vfp11_veneer  0xc7e24eb0        0x0 common/libcommon.a(command.o)
 .vfp11_veneer  0xc7e24eb0        0x0 common/libcommon.a(console.o)
 .vfp11_veneer  0xc7e24eb0        0x0 common/libcommon.a(devices.o)
 .vfp11_veneer  0xc7e24eb0        0x0 common/libcommon.a(dlmalloc.o)
 .vfp11_veneer  0xc7e24eb0        0x0 common/libcommon.a(env_common.o)
 .vfp11_veneer  0xc7e24eb0        0x0 common/libcommon.a(env_nand.o)
 .vfp11_veneer  0xc7e24eb0        0x0 common/libcommon.a(exports.o)
 .vfp11_veneer  0xc7e24eb0        0x0 common/libcommon.a(flash.o)
 .vfp11_veneer  0xc7e24eb0        0x0 common/libcommon.a(hush.o)
 .vfp11_veneer  0xc7e24eb0        0x0 common/libcommon.a(lcd.o)
 .vfp11_veneer  0xc7e24eb0        0x0 common/libcommon.a(lists.o)
 .vfp11_veneer  0xc7e24eb0        0x0 common/libcommon.a(s_record.o)
 .vfp11_veneer  0xc7e24eb0        0x0 common/libcommon.a(usb.o)
 .vfp11_veneer  0xc7e24eb0        0x0 common/libcommon.a(xyzModem.o)
 .vfp11_veneer  0xc7e24eb0        0x0 common/libcommon.a(cmd_usbd.o)
 .vfp11_veneer  0xc7e24eb0        0x0 common/libcommon.a(cmd_movi.o)
 .vfp11_veneer  0xc7e24eb0        0x0 common/libcommon.a(crc16.o)
 .vfp11_veneer  0xc7e24eb0        0x0 lib_generic/libgeneric.a(crc32.o)
 .vfp11_veneer  0xc7e24eb0        0x0 lib_generic/libgeneric.a(ctype.o)
 .vfp11_veneer  0xc7e24eb0        0x0 lib_generic/libgeneric.a(display_options.o)
 .vfp11_veneer  0xc7e24eb0        0x0 lib_generic/libgeneric.a(string.o)
 .vfp11_veneer  0xc7e24eb0        0x0 lib_generic/libgeneric.a(vsprintf.o)
 .vfp11_veneer  0xc7e24eb0        0x0 lib_generic/libgeneric.a(zlib.o)
 .vfp11_veneer  0xc7e24eb0        0x0 board/samsung/smdk6410/libsmdk6410.a(smdk6410.o)
 .vfp11_veneer  0xc7e24eb0        0x0 board/samsung/smdk6410/libsmdk6410.a(flash.o)
 .vfp11_veneer  0xc7e24eb0        0x0 cpu/s3c64xx/libs3c64xx.a(i2c.o)
 .vfp11_veneer  0xc7e24eb0        0x0 cpu/s3c64xx/libs3c64xx.a(usb_ohci.o)
 .vfp11_veneer  0xc7e24eb0        0x0 cpu/s3c64xx/libs3c64xx.a(nand.o)
 .vfp11_veneer  0xc7e24eb0        0x0 cpu/s3c64xx/libs3c64xx.a(usbd-otg-hs.o)
 .vfp11_veneer  0xc7e24eb0        0x0 lib_arm/libarm.a(armlinux.o)
 .vfp11_veneer  0xc7e24eb0        0x0 lib_arm/libarm.a(cache.o)
 .vfp11_veneer  0xc7e24eb0        0x0 rtc/librtc.a(date.o)
 .vfp11_veneer  0xc7e24eb0        0x0 rtc/librtc.a(s3c64xx_rtc.o)
 .vfp11_veneer  0xc7e24eb0        0x0 drivers/nand/libnand.a(nand_util.o)
 .vfp11_veneer  0xc7e24eb0        0x0 drivers/video/libvideo.a(s3cfb_8_10.o)
 .vfp11_veneer  0xc7e24eb0        0x0 drivers/video/libvideo.a(s3cfb_35.o)
 .vfp11_veneer  0xc7e24eb0        0x0 drivers/video/libvideo.a(s3cfb_50.o)
 .vfp11_veneer  0xc7e24eb0        0x0 drivers/video/libvideo.a(s3cfb_56.o)
 .vfp11_veneer  0xc7e24eb0        0x0 drivers/video/libvideo.a(s3cfb_70.o)
 .vfp11_veneer  0xc7e24eb0        0x0 drivers/video/libvideo.a(s3cfb_vga800.o)
 .vfp11_veneer  0xc7e24eb0        0x0 lib_generic/libgeneric.a(div64.o)
 .vfp11_veneer  0xc7e24eb0        0x0 /usr/local/arm/4.3.2/bin/../lib/gcc/arm-none-linux-gnueabi/4.3.2/armv4t/libgcc.a(_udivsi3.o)
 .vfp11_veneer  0xc7e24eb0        0x0 /usr/local/arm/4.3.2/bin/../lib/gcc/arm-none-linux-gnueabi/4.3.2/armv4t/libgcc.a(_divsi3.o)
 .vfp11_veneer  0xc7e24eb0        0x0 /usr/local/arm/4.3.2/bin/../lib/gcc/arm-none-linux-gnueabi/4.3.2/armv4t/libgcc.a(_ashrdi3.o)
 .vfp11_veneer  0xc7e24eb0        0x0 /usr/local/arm/4.3.2/bin/../lib/gcc/arm-none-linux-gnueabi/4.3.2/armv4t/libgcc.a(_ashldi3.o)
 .vfp11_veneer  0xc7e24eb0        0x0 /usr/local/arm/4.3.2/bin/../lib/gcc/arm-none-linux-gnueabi/4.3.2/armv4t/libgcc.a(_dvmd_lnx.o)

.janus_2cc_veneer
                0xc7e24eb0        0x0
 .janus_2cc_veneer
                0xc7e24eb0        0x0 cpu/s3c64xx/start.o
 .janus_2cc_veneer
                0xc7e24eb0        0x0 cpu/s3c64xx/s3c6410/cpu_init.o
 .janus_2cc_veneer
                0xc7e24eb0        0x0 cpu/s3c64xx/onenand_cp.o
 .janus_2cc_veneer
                0xc7e24eb0        0x0 cpu/s3c64xx/nand_cp.o
 .janus_2cc_veneer
                0xc7e24eb0        0x0 cpu/s3c64xx/movi.o
 .janus_2cc_veneer
                0xc7e24eb0        0x0 board/samsung/smdk6410/libsmdk6410.a(lowlevel_init.o)
 .janus_2cc_veneer
                0xc7e24eb0        0x0 cpu/s3c64xx/libs3c64xx.a(interrupts.o)
 .janus_2cc_veneer
                0xc7e24eb0        0x0 cpu/s3c64xx/libs3c64xx.a(cpu.o)
 .janus_2cc_veneer
                0xc7e24eb0        0x0 cpu/s3c64xx/libs3c64xx.a(hs_mmc.o)
 .janus_2cc_veneer
                0xc7e24eb0        0x0 cpu/s3c64xx/libs3c64xx.a(serial.o)
 .janus_2cc_veneer
                0xc7e24eb0        0x0 cpu/s3c64xx/s3c6410/libs3c6410.a(speed.o)
 .janus_2cc_veneer
                0xc7e24eb0        0x0 lib_arm/libarm.a(board.o)
 .janus_2cc_veneer
                0xc7e24eb0        0x0 net/libnet.a(net.o)
 .janus_2cc_veneer
                0xc7e24eb0        0x0 net/libnet.a(tftp.o)
 .janus_2cc_veneer
                0xc7e24eb0        0x0 net/libnet.a(bootp.o)
 .janus_2cc_veneer
                0xc7e24eb0        0x0 net/libnet.a(rarp.o)
 .janus_2cc_veneer
                0xc7e24eb0        0x0 net/libnet.a(eth.o)
 .janus_2cc_veneer
                0xc7e24eb0        0x0 net/libnet.a(nfs.o)
 .janus_2cc_veneer
                0xc7e24eb0        0x0 drivers/libdrivers.a(dm9000x.o)
 .janus_2cc_veneer
                0xc7e24eb0        0x0 drivers/nand/libnand.a(nand.o)
 .janus_2cc_veneer
                0xc7e24eb0        0x0 drivers/nand/libnand.a(nand_base.o)
 .janus_2cc_veneer
                0xc7e24eb0        0x0 drivers/nand/libnand.a(nand_ids.o)
 .janus_2cc_veneer
                0xc7e24eb0        0x0 drivers/nand/libnand.a(nand_ecc.o)
 .janus_2cc_veneer
                0xc7e24eb0        0x0 drivers/nand/libnand.a(nand_bbt.o)
 .janus_2cc_veneer
                0xc7e24eb0        0x0 common/libcommon.a(main.o)
 .janus_2cc_veneer
                0xc7e24eb0        0x0 common/libcommon.a(cmd_bdinfo.o)
 .janus_2cc_veneer
                0xc7e24eb0        0x0 common/libcommon.a(cmd_boot.o)
 .janus_2cc_veneer
                0xc7e24eb0        0x0 common/libcommon.a(cmd_bootm.o)
 .janus_2cc_veneer
                0xc7e24eb0        0x0 common/libcommon.a(cmd_cache.o)
 .janus_2cc_veneer
                0xc7e24eb0        0x0 common/libcommon.a(cmd_date.o)
 .janus_2cc_veneer
                0xc7e24eb0        0x0 common/libcommon.a(cmd_elf.o)
 .janus_2cc_veneer
                0xc7e24eb0        0x0 common/libcommon.a(cmd_fat.o)
 .janus_2cc_veneer
                0xc7e24eb0        0x0 common/libcommon.a(cmd_flash.o)
 .janus_2cc_veneer
                0xc7e24eb0        0x0 common/libcommon.a(cmd_itest.o)
 .janus_2cc_veneer
                0xc7e24eb0        0x0 common/libcommon.a(cmd_load.o)
 .janus_2cc_veneer
                0xc7e24eb0        0x0 common/libcommon.a(cmd_mem.o)
 .janus_2cc_veneer
                0xc7e24eb0        0x0 common/libcommon.a(cmd_misc.o)
 .janus_2cc_veneer
                0xc7e24eb0        0x0 common/libcommon.a(cmd_nand.o)
 .janus_2cc_veneer
                0xc7e24eb0        0x0 common/libcommon.a(cmd_net.o)
 .janus_2cc_veneer
                0xc7e24eb0        0x0 common/libcommon.a(cmd_nvedit.o)
 .janus_2cc_veneer
                0xc7e24eb0        0x0 common/libcommon.a(cmd_usb.o)
 .janus_2cc_veneer
                0xc7e24eb0        0x0 common/libcommon.a(command.o)
 .janus_2cc_veneer
                0xc7e24eb0        0x0 common/libcommon.a(console.o)
 .janus_2cc_veneer
                0xc7e24eb0        0x0 common/libcommon.a(devices.o)
 .janus_2cc_veneer
                0xc7e24eb0        0x0 common/libcommon.a(dlmalloc.o)
 .janus_2cc_veneer
                0xc7e24eb0        0x0 common/libcommon.a(env_common.o)
 .janus_2cc_veneer
                0xc7e24eb0        0x0 common/libcommon.a(env_nand.o)
 .janus_2cc_veneer
                0xc7e24eb0        0x0 common/libcommon.a(exports.o)
 .janus_2cc_veneer
                0xc7e24eb0        0x0 common/libcommon.a(flash.o)
 .janus_2cc_veneer
                0xc7e24eb0        0x0 common/libcommon.a(hush.o)
 .janus_2cc_veneer
                0xc7e24eb0        0x0 common/libcommon.a(lcd.o)
 .janus_2cc_veneer
                0xc7e24eb0        0x0 common/libcommon.a(lists.o)
 .janus_2cc_veneer
                0xc7e24eb0        0x0 common/libcommon.a(s_record.o)
 .janus_2cc_veneer
                0xc7e24eb0        0x0 common/libcommon.a(usb.o)
 .janus_2cc_veneer
                0xc7e24eb0        0x0 common/libcommon.a(xyzModem.o)
 .janus_2cc_veneer
                0xc7e24eb0        0x0 common/libcommon.a(cmd_usbd.o)
 .janus_2cc_veneer
                0xc7e24eb0        0x0 common/libcommon.a(cmd_movi.o)
 .janus_2cc_veneer
                0xc7e24eb0        0x0 common/libcommon.a(crc16.o)
 .janus_2cc_veneer
                0xc7e24eb0        0x0 lib_generic/libgeneric.a(crc32.o)
 .janus_2cc_veneer
                0xc7e24eb0        0x0 lib_generic/libgeneric.a(ctype.o)
 .janus_2cc_veneer
                0xc7e24eb0        0x0 lib_generic/libgeneric.a(display_options.o)
 .janus_2cc_veneer
                0xc7e24eb0        0x0 lib_generic/libgeneric.a(string.o)
 .janus_2cc_veneer
                0xc7e24eb0        0x0 lib_generic/libgeneric.a(vsprintf.o)
 .janus_2cc_veneer
                0xc7e24eb0        0x0 lib_generic/libgeneric.a(zlib.o)
 .janus_2cc_veneer
                0xc7e24eb0        0x0 board/samsung/smdk6410/libsmdk6410.a(smdk6410.o)
 .janus_2cc_veneer
                0xc7e24eb0        0x0 board/samsung/smdk6410/libsmdk6410.a(flash.o)
 .janus_2cc_veneer
                0xc7e24eb0        0x0 cpu/s3c64xx/libs3c64xx.a(i2c.o)
 .janus_2cc_veneer
                0xc7e24eb0        0x0 cpu/s3c64xx/libs3c64xx.a(usb_ohci.o)
 .janus_2cc_veneer
                0xc7e24eb0        0x0 cpu/s3c64xx/libs3c64xx.a(nand.o)
 .janus_2cc_veneer
                0xc7e24eb0        0x0 cpu/s3c64xx/libs3c64xx.a(usbd-otg-hs.o)
 .janus_2cc_veneer
                0xc7e24eb0        0x0 lib_arm/libarm.a(armlinux.o)
 .janus_2cc_veneer
                0xc7e24eb0        0x0 lib_arm/libarm.a(cache.o)
 .janus_2cc_veneer
                0xc7e24eb0        0x0 rtc/librtc.a(date.o)
 .janus_2cc_veneer
                0xc7e24eb0        0x0 rtc/librtc.a(s3c64xx_rtc.o)
 .janus_2cc_veneer
                0xc7e24eb0        0x0 drivers/nand/libnand.a(nand_util.o)
 .janus_2cc_veneer
                0xc7e24eb0        0x0 drivers/video/libvideo.a(s3cfb_8_10.o)
 .janus_2cc_veneer
                0xc7e24eb0        0x0 drivers/video/libvideo.a(s3cfb_35.o)
 .janus_2cc_veneer
                0xc7e24eb0        0x0 drivers/video/libvideo.a(s3cfb_50.o)
 .janus_2cc_veneer
                0xc7e24eb0        0x0 drivers/video/libvideo.a(s3cfb_56.o)
 .janus_2cc_veneer
                0xc7e24eb0        0x0 drivers/video/libvideo.a(s3cfb_70.o)
 .janus_2cc_veneer
                0xc7e24eb0        0x0 drivers/video/libvideo.a(s3cfb_vga800.o)
 .janus_2cc_veneer
                0xc7e24eb0        0x0 lib_generic/libgeneric.a(div64.o)
 .janus_2cc_veneer
                0xc7e24eb0        0x0 /usr/local/arm/4.3.2/bin/../lib/gcc/arm-none-linux-gnueabi/4.3.2/armv4t/libgcc.a(_udivsi3.o)
 .janus_2cc_veneer
                0xc7e24eb0        0x0 /usr/local/arm/4.3.2/bin/../lib/gcc/arm-none-linux-gnueabi/4.3.2/armv4t/libgcc.a(_divsi3.o)
 .janus_2cc_veneer
                0xc7e24eb0        0x0 /usr/local/arm/4.3.2/bin/../lib/gcc/arm-none-linux-gnueabi/4.3.2/armv4t/libgcc.a(_ashrdi3.o)
 .janus_2cc_veneer
                0xc7e24eb0        0x0 /usr/local/arm/4.3.2/bin/../lib/gcc/arm-none-linux-gnueabi/4.3.2/armv4t/libgcc.a(_ashldi3.o)
 .janus_2cc_veneer
                0xc7e24eb0        0x0 /usr/local/arm/4.3.2/bin/../lib/gcc/arm-none-linux-gnueabi/4.3.2/armv4t/libgcc.a(_dvmd_lnx.o)

.v4_bx          0xc7e24eb0        0x0
 .v4_bx         0xc7e24eb0        0x0 cpu/s3c64xx/start.o
 .v4_bx         0xc7e24eb0        0x0 cpu/s3c64xx/s3c6410/cpu_init.o
 .v4_bx         0xc7e24eb0        0x0 cpu/s3c64xx/onenand_cp.o
 .v4_bx         0xc7e24eb0        0x0 cpu/s3c64xx/nand_cp.o
 .v4_bx         0xc7e24eb0        0x0 cpu/s3c64xx/movi.o
 .v4_bx         0xc7e24eb0        0x0 board/samsung/smdk6410/libsmdk6410.a(lowlevel_init.o)
 .v4_bx         0xc7e24eb0        0x0 cpu/s3c64xx/libs3c64xx.a(interrupts.o)
 .v4_bx         0xc7e24eb0        0x0 cpu/s3c64xx/libs3c64xx.a(cpu.o)
 .v4_bx         0xc7e24eb0        0x0 cpu/s3c64xx/libs3c64xx.a(hs_mmc.o)
 .v4_bx         0xc7e24eb0        0x0 cpu/s3c64xx/libs3c64xx.a(serial.o)
 .v4_bx         0xc7e24eb0        0x0 cpu/s3c64xx/s3c6410/libs3c6410.a(speed.o)
 .v4_bx         0xc7e24eb0        0x0 lib_arm/libarm.a(board.o)
 .v4_bx         0xc7e24eb0        0x0 net/libnet.a(net.o)
 .v4_bx         0xc7e24eb0        0x0 net/libnet.a(tftp.o)
 .v4_bx         0xc7e24eb0        0x0 net/libnet.a(bootp.o)
 .v4_bx         0xc7e24eb0        0x0 net/libnet.a(rarp.o)
 .v4_bx         0xc7e24eb0        0x0 net/libnet.a(eth.o)
 .v4_bx         0xc7e24eb0        0x0 net/libnet.a(nfs.o)
 .v4_bx         0xc7e24eb0        0x0 drivers/libdrivers.a(dm9000x.o)
 .v4_bx         0xc7e24eb0        0x0 drivers/nand/libnand.a(nand.o)
 .v4_bx         0xc7e24eb0        0x0 drivers/nand/libnand.a(nand_base.o)
 .v4_bx         0xc7e24eb0        0x0 drivers/nand/libnand.a(nand_ids.o)
 .v4_bx         0xc7e24eb0        0x0 drivers/nand/libnand.a(nand_ecc.o)
 .v4_bx         0xc7e24eb0        0x0 drivers/nand/libnand.a(nand_bbt.o)
 .v4_bx         0xc7e24eb0        0x0 common/libcommon.a(main.o)
 .v4_bx         0xc7e24eb0        0x0 common/libcommon.a(cmd_bdinfo.o)
 .v4_bx         0xc7e24eb0        0x0 common/libcommon.a(cmd_boot.o)
 .v4_bx         0xc7e24eb0        0x0 common/libcommon.a(cmd_bootm.o)
 .v4_bx         0xc7e24eb0        0x0 common/libcommon.a(cmd_cache.o)
 .v4_bx         0xc7e24eb0        0x0 common/libcommon.a(cmd_date.o)
 .v4_bx         0xc7e24eb0        0x0 common/libcommon.a(cmd_elf.o)
 .v4_bx         0xc7e24eb0        0x0 common/libcommon.a(cmd_fat.o)
 .v4_bx         0xc7e24eb0        0x0 common/libcommon.a(cmd_flash.o)
 .v4_bx         0xc7e24eb0        0x0 common/libcommon.a(cmd_itest.o)
 .v4_bx         0xc7e24eb0        0x0 common/libcommon.a(cmd_load.o)
 .v4_bx         0xc7e24eb0        0x0 common/libcommon.a(cmd_mem.o)
 .v4_bx         0xc7e24eb0        0x0 common/libcommon.a(cmd_misc.o)
 .v4_bx         0xc7e24eb0        0x0 common/libcommon.a(cmd_nand.o)
 .v4_bx         0xc7e24eb0        0x0 common/libcommon.a(cmd_net.o)
 .v4_bx         0xc7e24eb0        0x0 common/libcommon.a(cmd_nvedit.o)
 .v4_bx         0xc7e24eb0        0x0 common/libcommon.a(cmd_usb.o)
 .v4_bx         0xc7e24eb0        0x0 common/libcommon.a(command.o)
 .v4_bx         0xc7e24eb0        0x0 common/libcommon.a(console.o)
 .v4_bx         0xc7e24eb0        0x0 common/libcommon.a(devices.o)
 .v4_bx         0xc7e24eb0        0x0 common/libcommon.a(dlmalloc.o)
 .v4_bx         0xc7e24eb0        0x0 common/libcommon.a(env_common.o)
 .v4_bx         0xc7e24eb0        0x0 common/libcommon.a(env_nand.o)
 .v4_bx         0xc7e24eb0        0x0 common/libcommon.a(exports.o)
 .v4_bx         0xc7e24eb0        0x0 common/libcommon.a(flash.o)
 .v4_bx         0xc7e24eb0        0x0 common/libcommon.a(hush.o)
 .v4_bx         0xc7e24eb0        0x0 common/libcommon.a(lcd.o)
 .v4_bx         0xc7e24eb0        0x0 common/libcommon.a(lists.o)
 .v4_bx         0xc7e24eb0        0x0 common/libcommon.a(s_record.o)
 .v4_bx         0xc7e24eb0        0x0 common/libcommon.a(usb.o)
 .v4_bx         0xc7e24eb0        0x0 common/libcommon.a(xyzModem.o)
 .v4_bx         0xc7e24eb0        0x0 common/libcommon.a(cmd_usbd.o)
 .v4_bx         0xc7e24eb0        0x0 common/libcommon.a(cmd_movi.o)
 .v4_bx         0xc7e24eb0        0x0 common/libcommon.a(crc16.o)
 .v4_bx         0xc7e24eb0        0x0 lib_generic/libgeneric.a(crc32.o)
 .v4_bx         0xc7e24eb0        0x0 lib_generic/libgeneric.a(ctype.o)
 .v4_bx         0xc7e24eb0        0x0 lib_generic/libgeneric.a(display_options.o)
 .v4_bx         0xc7e24eb0        0x0 lib_generic/libgeneric.a(string.o)
 .v4_bx         0xc7e24eb0        0x0 lib_generic/libgeneric.a(vsprintf.o)
 .v4_bx         0xc7e24eb0        0x0 lib_generic/libgeneric.a(zlib.o)
 .v4_bx         0xc7e24eb0        0x0 board/samsung/smdk6410/libsmdk6410.a(smdk6410.o)
 .v4_bx         0xc7e24eb0        0x0 board/samsung/smdk6410/libsmdk6410.a(flash.o)
 .v4_bx         0xc7e24eb0        0x0 cpu/s3c64xx/libs3c64xx.a(i2c.o)
 .v4_bx         0xc7e24eb0        0x0 cpu/s3c64xx/libs3c64xx.a(usb_ohci.o)
 .v4_bx         0xc7e24eb0        0x0 cpu/s3c64xx/libs3c64xx.a(nand.o)
 .v4_bx         0xc7e24eb0        0x0 cpu/s3c64xx/libs3c64xx.a(usbd-otg-hs.o)
 .v4_bx         0xc7e24eb0        0x0 lib_arm/libarm.a(armlinux.o)
 .v4_bx         0xc7e24eb0        0x0 lib_arm/libarm.a(cache.o)
 .v4_bx         0xc7e24eb0        0x0 rtc/librtc.a(date.o)
 .v4_bx         0xc7e24eb0        0x0 rtc/librtc.a(s3c64xx_rtc.o)
 .v4_bx         0xc7e24eb0        0x0 drivers/nand/libnand.a(nand_util.o)
 .v4_bx         0xc7e24eb0        0x0 drivers/video/libvideo.a(s3cfb_8_10.o)
 .v4_bx         0xc7e24eb0        0x0 drivers/video/libvideo.a(s3cfb_35.o)
 .v4_bx         0xc7e24eb0        0x0 drivers/video/libvideo.a(s3cfb_50.o)
 .v4_bx         0xc7e24eb0        0x0 drivers/video/libvideo.a(s3cfb_56.o)
 .v4_bx         0xc7e24eb0        0x0 drivers/video/libvideo.a(s3cfb_70.o)
 .v4_bx         0xc7e24eb0        0x0 drivers/video/libvideo.a(s3cfb_vga800.o)
 .v4_bx         0xc7e24eb0        0x0 lib_generic/libgeneric.a(div64.o)
 .v4_bx         0xc7e24eb0        0x0 /usr/local/arm/4.3.2/bin/../lib/gcc/arm-none-linux-gnueabi/4.3.2/armv4t/libgcc.a(_udivsi3.o)
 .v4_bx         0xc7e24eb0        0x0 /usr/local/arm/4.3.2/bin/../lib/gcc/arm-none-linux-gnueabi/4.3.2/armv4t/libgcc.a(_divsi3.o)
 .v4_bx         0xc7e24eb0        0x0 /usr/local/arm/4.3.2/bin/../lib/gcc/arm-none-linux-gnueabi/4.3.2/armv4t/libgcc.a(_ashrdi3.o)
 .v4_bx         0xc7e24eb0        0x0 /usr/local/arm/4.3.2/bin/../lib/gcc/arm-none-linux-gnueabi/4.3.2/armv4t/libgcc.a(_ashldi3.o)
 .v4_bx         0xc7e24eb0        0x0 /usr/local/arm/4.3.2/bin/../lib/gcc/arm-none-linux-gnueabi/4.3.2/armv4t/libgcc.a(_dvmd_lnx.o)
                0xc7e24eb0                . = ALIGN (0x4)

.rodata         0xc7e24eb0     0x1aac
 *(.rodata)
 .rodata        0xc7e24eb0       0x80 cpu/s3c64xx/libs3c64xx.a(interrupts.o)
 .rodata        0xc7e24f30       0x10 cpu/s3c64xx/libs3c64xx.a(hs_mmc.o)
 .rodata        0xc7e24f40       0x33 lib_arm/libarm.a(board.o)
                0xc7e24f40                version_string
 .rodata        0xc7e24f73        0x7 net/libnet.a(net.o)
 .rodata        0xc7e24f7a        0x5 drivers/nand/libnand.a(nand.o)
 .rodata        0xc7e24f7f       0x42 drivers/nand/libnand.a(nand_base.o)
 .rodata        0xc7e24fc1      0x100 drivers/nand/libnand.a(nand_ecc.o)
 *fill*         0xc7e250c1        0x3 00
 .rodata        0xc7e250c4      0x120 common/libcommon.a(main.o)
 .rodata        0xc7e251e4       0x14 common/libcommon.a(cmd_nvedit.o)
 .rodata        0xc7e251f8     0x1000 common/libcommon.a(lcd.o)
 .rodata        0xc7e261f8      0x200 common/libcommon.a(crc16.o)
 .rodata        0xc7e263f8      0x400 lib_generic/libgeneric.a(crc32.o)
 .rodata        0xc7e267f8       0x90 lib_generic/libgeneric.a(zlib.o)
 .rodata        0xc7e26888       0xa2 cpu/s3c64xx/libs3c64xx.a(usbd-otg-hs.o)
                0xc7e268e4                string_desc0
                0xc7e268ba                config_high_total
                0xc7e26891                config_full_total
                0xc7e268b1                config_high
                0xc7e268e8                string_desc1
                0xc7e268da                qualifier_desc
                0xc7e26888                config_full
                0xc7e268fe                string_desc2
 *fill*         0xc7e2692a        0x2 00
 .rodata        0xc7e2692c       0x30 rtc/librtc.a(date.o)

.rodata.str1.1  0xc7e2695c     0x6b04
 .rodata.str1.1
                0xc7e2695c       0x1e cpu/s3c64xx/movi.o
 .rodata.str1.1
                0xc7e2697a      0x264 cpu/s3c64xx/libs3c64xx.a(interrupts.o)
                                0x27b (size before relaxing)
 .rodata.str1.1
                0xc7e26bde        0xd cpu/s3c64xx/libs3c64xx.a(cpu.o)
 .rodata.str1.1
                0xc7e26beb      0x313 cpu/s3c64xx/libs3c64xx.a(hs_mmc.o)
                                0x331 (size before relaxing)
 .rodata.str1.1
                0xc7e26efe      0x17f cpu/s3c64xx/s3c6410/libs3c6410.a(speed.o)
 .rodata.str1.1
                0xc7e2707d       0x78 lib_arm/libarm.a(board.o)
                                 0x7a (size before relaxing)
 .rodata.str1.1
                0xc7e270f5      0x1b1 net/libnet.a(net.o)
                                0x1c2 (size before relaxing)
 .rodata.str1.1
                0xc7e272a6      0x174 net/libnet.a(tftp.o)
                                0x1b5 (size before relaxing)
 .rodata.str1.1
                0xc7e2741a       0x7d net/libnet.a(bootp.o)
                                 0xad (size before relaxing)
 .rodata.str1.1
                0xc7e27497       0x13 net/libnet.a(rarp.o)
                                 0x47 (size before relaxing)
 .rodata.str1.1
                0xc7e274aa       0xed net/libnet.a(nfs.o)
                                0x16c (size before relaxing)
 .rodata.str1.1
                0xc7e27597      0x16e drivers/libdrivers.a(dm9000x.o)
                                0x178 (size before relaxing)
 .rodata.str1.1
                0xc7e27705        0x8 drivers/nand/libnand.a(nand.o)
                                  0xa (size before relaxing)
 .rodata.str1.1
                0xc7e2770d      0x289 drivers/nand/libnand.a(nand_base.o)
 .rodata.str1.1
                0xc7e27996      0x3f7 drivers/nand/libnand.a(nand_ids.o)
                                0x40d (size before relaxing)
 .rodata.str1.1
                0xc7e27d8d      0x270 drivers/nand/libnand.a(nand_bbt.o)
 .rodata.str1.1
                0xc7e27ffd      0x579 common/libcommon.a(main.o)
                                0x57f (size before relaxing)
 .rodata.str1.1
                0xc7e28576       0xb2 common/libcommon.a(cmd_bdinfo.o)
 .rodata.str1.1
                0xc7e28628      0x100 common/libcommon.a(cmd_boot.o)
                                0x111 (size before relaxing)
 .rodata.str1.1
                0xc7e28728      0x656 common/libcommon.a(cmd_bootm.o)
                                0x679 (size before relaxing)
 .rodata.str1.1
                0xc7e28d7e      0x1a2 common/libcommon.a(cmd_cache.o)
                                0x1b7 (size before relaxing)
 .rodata.str1.1
                0xc7e28f20      0x159 common/libcommon.a(cmd_date.o)
                                0x16a (size before relaxing)
 .rodata.str1.1
                0xc7e29079      0x297 common/libcommon.a(cmd_elf.o)
                                0x2a0 (size before relaxing)
 .rodata.str1.1
                0xc7e29310      0x2be common/libcommon.a(cmd_fat.o)
 .rodata.str1.1
                0xc7e295ce      0x616 common/libcommon.a(cmd_flash.o)
                                0x634 (size before relaxing)
 .rodata.str1.1
                0xc7e29be4       0xbd common/libcommon.a(cmd_itest.o)
                                 0xca (size before relaxing)
 .rodata.str1.1
                0xc7e29ca1      0x35c common/libcommon.a(cmd_load.o)
                                0x376 (size before relaxing)
 .rodata.str1.1
                0xc7e29ffd      0x5be common/libcommon.a(cmd_mem.o)
                                0x5e8 (size before relaxing)
 .rodata.str1.1
                0xc7e2a5bb       0x6b common/libcommon.a(cmd_misc.o)
                                 0x76 (size before relaxing)
 .rodata.str1.1
                0xc7e2a626      0x991 common/libcommon.a(cmd_nand.o)
                                0x9e2 (size before relaxing)
 .rodata.str1.1
                0xc7e2afb7      0x203 common/libcommon.a(cmd_net.o)
                                0x247 (size before relaxing)
 .rodata.str1.1
                0xc7e2b1ba      0x29a common/libcommon.a(cmd_nvedit.o)
                                0x309 (size before relaxing)
 .rodata.str1.1
                0xc7e2b454      0x447 common/libcommon.a(cmd_usb.o)
                                0x486 (size before relaxing)
 .rodata.str1.1
                0xc7e2b89b      0x2e8 common/libcommon.a(command.o)
                                0x31a (size before relaxing)
 .rodata.str1.1
                0xc7e2bb83       0x76 common/libcommon.a(console.o)
                                 0x7a (size before relaxing)
 .rodata.str1.1
                0xc7e2bbf9       0x2f common/libcommon.a(devices.o)
                                 0x43 (size before relaxing)
 .rodata.str1.1
                0xc7e2bc28       0x15 common/libcommon.a(env_common.o)
 .rodata.str1.1
                0xc7e2bc3d       0x58 common/libcommon.a(env_nand.o)
                                 0x5e (size before relaxing)
 .rodata.str1.1
                0xc7e2bc95      0x10c common/libcommon.a(flash.o)
 .rodata.str1.1
                0xc7e2bda1      0x15d common/libcommon.a(hush.o)
                                0x197 (size before relaxing)
 .rodata.str1.1
                0xc7e2befe       0x29 common/libcommon.a(lcd.o)
                                 0x9c (size before relaxing)
 .rodata.str1.1
                0xc7e2bf27      0x265 common/libcommon.a(usb.o)
 .rodata.str1.1
                0xc7e2c18c       0xe3 common/libcommon.a(xyzModem.o)
                                 0xe5 (size before relaxing)
 .rodata.str1.1
                0xc7e2c26f       0x93 common/libcommon.a(cmd_usbd.o)
                                 0x9e (size before relaxing)
 .rodata.str1.1
                0xc7e2c302      0x381 common/libcommon.a(cmd_movi.o)
                                0x39b (size before relaxing)
 .rodata.str1.1
                0xc7e2c683       0x11 lib_generic/libgeneric.a(display_options.o)
                                 0x18 (size before relaxing)
 .rodata.str1.1
                0xc7e2c694       0x51 lib_generic/libgeneric.a(vsprintf.o)
 .rodata.str1.1
                0xc7e2c6e5      0x1f3 lib_generic/libgeneric.a(zlib.o)
                                0x1f4 (size before relaxing)
 .rodata.str1.1
                0xc7e2c8d8       0x8a board/samsung/smdk6410/libsmdk6410.a(smdk6410.o)
                                 0x9e (size before relaxing)
 .rodata.str1.1
                0xc7e2c962       0xd5 board/samsung/smdk6410/libsmdk6410.a(flash.o)
                                 0xe9 (size before relaxing)
 .rodata.str1.1
                0xc7e2ca37       0x78 cpu/s3c64xx/libs3c64xx.a(i2c.o)
 .rodata.str1.1
                0xc7e2caaf       0xbd cpu/s3c64xx/libs3c64xx.a(usb_ohci.o)
 .rodata.str1.1
                0xc7e2cb6c      0x13d cpu/s3c64xx/libs3c64xx.a(nand.o)
 .rodata.str1.1
                0xc7e2cca9      0x145 cpu/s3c64xx/libs3c64xx.a(usbd-otg-hs.o)
                                0x14a (size before relaxing)
 .rodata.str1.1
                0xc7e2cdee       0x6c lib_arm/libarm.a(armlinux.o)
                                 0xb7 (size before relaxing)
 .rodata.str1.1
                0xc7e2ce5a      0x606 drivers/nand/libnand.a(nand_util.o)
                                0x608 (size before relaxing)
                0xc7e2d460                . = ALIGN (0x4)

.data           0xc7e2d460     0x256c
 *(.data)
 .data          0xc7e2d460        0x0 cpu/s3c64xx/start.o
 .data          0xc7e2d460        0x0 cpu/s3c64xx/s3c6410/cpu_init.o
 .data          0xc7e2d460        0x0 cpu/s3c64xx/onenand_cp.o
 .data          0xc7e2d460        0x0 cpu/s3c64xx/nand_cp.o
 .data          0xc7e2d460        0x0 cpu/s3c64xx/movi.o
 .data          0xc7e2d460        0x0 board/samsung/smdk6410/libsmdk6410.a(lowlevel_init.o)
 .data          0xc7e2d460        0x0 cpu/s3c64xx/libs3c64xx.a(interrupts.o)
 .data          0xc7e2d460        0x0 cpu/s3c64xx/libs3c64xx.a(cpu.o)
 .data          0xc7e2d460        0x0 cpu/s3c64xx/libs3c64xx.a(hs_mmc.o)
 .data          0xc7e2d460        0x0 cpu/s3c64xx/libs3c64xx.a(serial.o)
 .data          0xc7e2d460        0x0 cpu/s3c64xx/s3c6410/libs3c6410.a(speed.o)
 .data          0xc7e2d460       0x34 lib_arm/libarm.a(board.o)
                0xc7e2d460                init_sequence
 .data          0xc7e2d494        0xa net/libnet.a(net.o)
                0xc7e2d496                NetBcastAddr
                0xc7e2d49c                NetOurNativeVLAN
                0xc7e2d494                NetOurVLAN
 .data          0xc7e2d49e        0x0 net/libnet.a(tftp.o)
 .data          0xc7e2d49e        0x0 net/libnet.a(bootp.o)
 .data          0xc7e2d49e        0x0 net/libnet.a(rarp.o)
 .data          0xc7e2d49e        0x0 net/libnet.a(eth.o)
 *fill*         0xc7e2d49e        0x2 00
 .data          0xc7e2d4a0        0x4 net/libnet.a(nfs.o)
 .data          0xc7e2d4a4        0x0 drivers/libdrivers.a(dm9000x.o)
 .data          0xc7e2d4a4        0x4 drivers/nand/libnand.a(nand.o)
                0xc7e2d4a4                nand_curr_device
 .data          0xc7e2d4a8      0x540 drivers/nand/libnand.a(nand_base.o)
 .data          0xc7e2d9e8      0x628 drivers/nand/libnand.a(nand_ids.o)
                0xc7e2dfd0                nand_manuf_ids
                0xc7e2d9e8                nand_flash_ids
 .data          0xc7e2e010        0x0 drivers/nand/libnand.a(nand_ecc.o)
 .data          0xc7e2e010      0x10c drivers/nand/libnand.a(nand_bbt.o)
 .data          0xc7e2e11c        0x4 common/libcommon.a(main.o)
 .data          0xc7e2e120        0x0 common/libcommon.a(cmd_bdinfo.o)
 .data          0xc7e2e120        0x0 common/libcommon.a(cmd_boot.o)
 .data          0xc7e2e120        0x4 common/libcommon.a(cmd_bootm.o)
                0xc7e2e120                load_addr
 .data          0xc7e2e124        0x0 common/libcommon.a(cmd_cache.o)
 .data          0xc7e2e124       0x1c common/libcommon.a(cmd_date.o)
                0xc7e2e124                weekdays
 .data          0xc7e2e140        0x0 common/libcommon.a(cmd_elf.o)
 .data          0xc7e2e140        0x0 common/libcommon.a(cmd_fat.o)
 .data          0xc7e2e140        0x0 common/libcommon.a(cmd_flash.o)
 .data          0xc7e2e140       0x68 common/libcommon.a(cmd_itest.o)
                0xc7e2e140                op_table
 .data          0xc7e2e1a8        0x4 common/libcommon.a(cmd_load.o)
 .data          0xc7e2e1ac        0x4 common/libcommon.a(cmd_mem.o)
                0xc7e2e1ac                dp_last_length
 .data          0xc7e2e1b0        0x0 common/libcommon.a(cmd_misc.o)
 .data          0xc7e2e1b0        0x0 common/libcommon.a(cmd_nand.o)
 .data          0xc7e2e1b0        0x0 common/libcommon.a(cmd_net.o)
 .data          0xc7e2e1b0        0x0 common/libcommon.a(cmd_nvedit.o)
 .data          0xc7e2e1b0        0x0 common/libcommon.a(cmd_usb.o)
 .data          0xc7e2e1b0        0x0 common/libcommon.a(command.o)
 .data          0xc7e2e1b0        0x0 common/libcommon.a(console.o)
 .data          0xc7e2e1b0        0xc common/libcommon.a(devices.o)
                0xc7e2e1b0                stdio_names
 .data          0xc7e2e1bc      0x414 common/libcommon.a(dlmalloc.o)
 .data          0xc7e2e5d0      0x130 common/libcommon.a(env_common.o)
                0xc7e2e6f8                env_get_char
                0xc7e2e5d0                default_environment
                0xc7e2e6fc                default_environment_size
 .data          0xc7e2e700        0x4 common/libcommon.a(env_nand.o)
                0xc7e2e700                env_name_spec
 .data          0xc7e2e704        0x0 common/libcommon.a(exports.o)
 .data          0xc7e2e704        0x0 common/libcommon.a(flash.o)
 .data          0xc7e2e704       0xac common/libcommon.a(hush.o)
 .data          0xc7e2e7b0        0xa common/libcommon.a(lcd.o)
                0xc7e2e7b0                panel_info
 .data          0xc7e2e7ba        0x0 common/libcommon.a(lists.o)
 .data          0xc7e2e7ba        0x0 common/libcommon.a(s_record.o)
 .data          0xc7e2e7ba        0x0 common/libcommon.a(usb.o)
 .data          0xc7e2e7ba        0x0 common/libcommon.a(xyzModem.o)
 .data          0xc7e2e7ba        0x0 common/libcommon.a(cmd_usbd.o)
 .data          0xc7e2e7ba        0x0 common/libcommon.a(cmd_movi.o)
 .data          0xc7e2e7ba        0x0 common/libcommon.a(crc16.o)
 .data          0xc7e2e7ba        0x0 lib_generic/libgeneric.a(crc32.o)
 .data          0xc7e2e7ba      0x100 lib_generic/libgeneric.a(ctype.o)
                0xc7e2e7ba                _ctype
 .data          0xc7e2e8ba        0x0 lib_generic/libgeneric.a(display_options.o)
 .data          0xc7e2e8ba        0x0 lib_generic/libgeneric.a(string.o)
 .data          0xc7e2e8ba        0x0 lib_generic/libgeneric.a(vsprintf.o)
 *fill*         0xc7e2e8ba        0x2 00
 .data          0xc7e2e8bc      0x210 lib_generic/libgeneric.a(zlib.o)
                0xc7e2eaa8                zlib_version
                0xc7e2eaac                z_errmsg
 .data          0xc7e2eacc        0x0 board/samsung/smdk6410/libsmdk6410.a(smdk6410.o)
 .data          0xc7e2eacc        0x0 board/samsung/smdk6410/libsmdk6410.a(flash.o)
 .data          0xc7e2eacc      0x418 cpu/s3c64xx/libs3c64xx.a(i2c.o)
                0xc7e2ec2c                CH7026_REGS_VGA_640
                0xc7e2eda4                CH7026_REGS_TV
 .data          0xc7e2eee4        0x0 cpu/s3c64xx/libs3c64xx.a(usb_ohci.o)
 .data          0xc7e2eee4      0x690 cpu/s3c64xx/libs3c64xx.a(nand.o)
 .data          0xc7e2f574       0x35 cpu/s3c64xx/libs3c64xx.a(usbd-otg-hs.o)
                0xc7e2f574                test_pkt
 .data          0xc7e2f5a9        0x0 lib_arm/libarm.a(armlinux.o)
 .data          0xc7e2f5a9        0x0 lib_arm/libarm.a(cache.o)
 *fill*         0xc7e2f5a9        0x3 00
 .data          0xc7e2f5ac       0x30 rtc/librtc.a(date.o)
 .data          0xc7e2f5dc        0x0 rtc/librtc.a(s3c64xx_rtc.o)
 .data          0xc7e2f5dc      0x3f0 drivers/nand/libnand.a(nand_util.o)
 .data          0xc7e2f9cc        0x0 drivers/video/libvideo.a(s3cfb_8_10.o)
 .data          0xc7e2f9cc        0x0 drivers/video/libvideo.a(s3cfb_35.o)
 .data          0xc7e2f9cc        0x0 drivers/video/libvideo.a(s3cfb_50.o)
 .data          0xc7e2f9cc        0x0 drivers/video/libvideo.a(s3cfb_56.o)
 .data          0xc7e2f9cc        0x0 drivers/video/libvideo.a(s3cfb_70.o)
 .data          0xc7e2f9cc        0x0 drivers/video/libvideo.a(s3cfb_vga800.o)
 .data          0xc7e2f9cc        0x0 lib_generic/libgeneric.a(div64.o)
 .data          0xc7e2f9cc        0x0 /usr/local/arm/4.3.2/bin/../lib/gcc/arm-none-linux-gnueabi/4.3.2/armv4t/libgcc.a(_udivsi3.o)
 .data          0xc7e2f9cc        0x0 /usr/local/arm/4.3.2/bin/../lib/gcc/arm-none-linux-gnueabi/4.3.2/armv4t/libgcc.a(_divsi3.o)
 .data          0xc7e2f9cc        0x0 /usr/local/arm/4.3.2/bin/../lib/gcc/arm-none-linux-gnueabi/4.3.2/armv4t/libgcc.a(_ashrdi3.o)
 .data          0xc7e2f9cc        0x0 /usr/local/arm/4.3.2/bin/../lib/gcc/arm-none-linux-gnueabi/4.3.2/armv4t/libgcc.a(_ashldi3.o)
 .data          0xc7e2f9cc        0x0 /usr/local/arm/4.3.2/bin/../lib/gcc/arm-none-linux-gnueabi/4.3.2/armv4t/libgcc.a(_dvmd_lnx.o)
                0xc7e2f9cc                . = ALIGN (0x4)

.got
 *(.got)
                0xc7e2f9cc                __u_boot_cmd_start = .

.u_boot_cmd     0xc7e2f9cc      0x4e0
 *(.u_boot_cmd)
 .u_boot_cmd    0xc7e2f9cc       0x18 common/libcommon.a(cmd_bdinfo.o)
                0xc7e2f9cc                __u_boot_cmd_bdinfo
 .u_boot_cmd    0xc7e2f9e4       0x30 common/libcommon.a(cmd_boot.o)
                0xc7e2f9fc                __u_boot_cmd_reset
                0xc7e2f9e4                __u_boot_cmd_go
 .u_boot_cmd    0xc7e2fa14       0x30 common/libcommon.a(cmd_bootm.o)
                0xc7e2fa14                __u_boot_cmd_bootm
                0xc7e2fa2c                __u_boot_cmd_imls
 .u_boot_cmd    0xc7e2fa44       0x48 common/libcommon.a(cmd_cache.o)
                0xc7e2fa5c                __u_boot_cmd_dcache
                0xc7e2fa74                __u_boot_cmd_branch
                0xc7e2fa44                __u_boot_cmd_icache
 .u_boot_cmd    0xc7e2fa8c       0x18 common/libcommon.a(cmd_date.o)
                0xc7e2fa8c                __u_boot_cmd_date
 .u_boot_cmd    0xc7e2faa4       0x30 common/libcommon.a(cmd_elf.o)
                0xc7e2fabc                __u_boot_cmd_bootvx
                0xc7e2faa4                __u_boot_cmd_bootelf
 .u_boot_cmd    0xc7e2fad4       0x48 common/libcommon.a(cmd_fat.o)
                0xc7e2fb04                __u_boot_cmd_fatinfo
                0xc7e2fad4                __u_boot_cmd_fatload
                0xc7e2faec                __u_boot_cmd_fatls
 .u_boot_cmd    0xc7e2fb1c       0x48 common/libcommon.a(cmd_flash.o)
                0xc7e2fb1c                __u_boot_cmd_flinfo
                0xc7e2fb34                __u_boot_cmd_erase
                0xc7e2fb4c                __u_boot_cmd_protect
 .u_boot_cmd    0xc7e2fb64       0x18 common/libcommon.a(cmd_itest.o)
                0xc7e2fb64                __u_boot_cmd_itest
 .u_boot_cmd    0xc7e2fb7c       0x48 common/libcommon.a(cmd_load.o)
                0xc7e2fbac                __u_boot_cmd_loady
                0xc7e2fb94                __u_boot_cmd_loadb
                0xc7e2fb7c                __u_boot_cmd_loads
 .u_boot_cmd    0xc7e2fbc4       0xf0 common/libcommon.a(cmd_mem.o)
                0xc7e2fbc4                __u_boot_cmd_md
                0xc7e2fc3c                __u_boot_cmd_cmp
                0xc7e2fc0c                __u_boot_cmd_mw
                0xc7e2fc84                __u_boot_cmd_loop
                0xc7e2fc6c                __u_boot_cmd_base
                0xc7e2fbdc                __u_boot_cmd_mm
                0xc7e2fc54                __u_boot_cmd_crc32
                0xc7e2fbf4                __u_boot_cmd_nm
                0xc7e2fc9c                __u_boot_cmd_mtest
                0xc7e2fc24                __u_boot_cmd_cp
 .u_boot_cmd    0xc7e2fcb4       0x18 common/libcommon.a(cmd_misc.o)
                0xc7e2fcb4                __u_boot_cmd_sleep
 .u_boot_cmd    0xc7e2fccc       0x30 common/libcommon.a(cmd_nand.o)
                0xc7e2fccc                __u_boot_cmd_nand
                0xc7e2fce4                __u_boot_cmd_nboot
 .u_boot_cmd    0xc7e2fcfc       0x78 common/libcommon.a(cmd_net.o)
                0xc7e2fd44                __u_boot_cmd_nfs
                0xc7e2fd5c                __u_boot_cmd_ping
                0xc7e2fd2c                __u_boot_cmd_rarpboot
                0xc7e2fd14                __u_boot_cmd_tftpboot
                0xc7e2fcfc                __u_boot_cmd_bootp
 .u_boot_cmd    0xc7e2fd74       0x48 common/libcommon.a(cmd_nvedit.o)
                0xc7e2fda4                __u_boot_cmd_saveenv
                0xc7e2fd74                __u_boot_cmd_printenv
                0xc7e2fd8c                __u_boot_cmd_setenv
 .u_boot_cmd    0xc7e2fdbc       0x18 common/libcommon.a(cmd_usb.o)
                0xc7e2fdbc                __u_boot_cmd_usb
 .u_boot_cmd    0xc7e2fdd4       0x90 common/libcommon.a(command.o)
                0xc7e2fe1c                __u_boot_cmd_exit
                0xc7e2fdec                __u_boot_cmd_echo
                0xc7e2fe4c                __u_boot_cmd_question_mark
                0xc7e2fdd4                __u_boot_cmd_version
                0xc7e2fe34                __u_boot_cmd_help
                0xc7e2fe04                __u_boot_cmd_test
 .u_boot_cmd    0xc7e2fe64       0x18 common/libcommon.a(lcd.o)
                0xc7e2fe64                __u_boot_cmd_cls
 .u_boot_cmd    0xc7e2fe7c       0x18 common/libcommon.a(cmd_usbd.o)
                0xc7e2fe7c                __u_boot_cmd_dnw
 .u_boot_cmd    0xc7e2fe94       0x18 common/libcommon.a(cmd_movi.o)
                0xc7e2fe94                __u_boot_cmd_movi
                0xc7e2feac                __u_boot_cmd_end = .
                0xc7e2feac                . = ALIGN (0x4)

.mmudata        0xc7e30000     0x4000
 *(.mmudata)
 .mmudata       0xc7e30000     0x4000 board/samsung/smdk6410/libsmdk6410.a(lowlevel_init.o)
                0xc7e30000                mmu_table
                0xc7e34000                . = ALIGN (0x4)
                0xc7e34000                __bss_start = .

.bss            0xc7e34000    0x161f8
 *(.bss)
 .bss           0xc7e34000        0x0 cpu/s3c64xx/start.o
 .bss           0xc7e34000        0x0 cpu/s3c64xx/s3c6410/cpu_init.o
 .bss           0xc7e34000        0x0 cpu/s3c64xx/onenand_cp.o
 .bss           0xc7e34000        0x0 cpu/s3c64xx/nand_cp.o
 .bss           0xc7e34000        0x4 cpu/s3c64xx/movi.o
                0xc7e34000                movi_hc
 .bss           0xc7e34004        0x0 board/samsung/smdk6410/libsmdk6410.a(lowlevel_init.o)
 .bss           0xc7e34004        0xc cpu/s3c64xx/libs3c64xx.a(interrupts.o)
                0xc7e3400c                timer_load_val
 .bss           0xc7e34010        0x0 cpu/s3c64xx/libs3c64xx.a(cpu.o)
 .bss           0xc7e34010       0xa0 cpu/s3c64xx/libs3c64xx.a(hs_mmc.o)
                0xc7e34098                card_type
 .bss           0xc7e340b0        0x0 cpu/s3c64xx/libs3c64xx.a(serial.o)
 .bss           0xc7e340b0        0x0 cpu/s3c64xx/s3c6410/libs3c6410.a(speed.o)
 .bss           0xc7e340b0       0x10 lib_arm/libarm.a(board.o)
                0xc7e340bc                monitor_flash_len
 .bss           0xc7e340c0     0x25cc net/libnet.a(net.o)
                0xc7e3411c                NetArpWaitTry
                0xc7e340f8                NetArpWaitPacketMAC
                0xc7e340d0                NetOurEther
                0xc7e340cc                NetOurIP
                0xc7e340d8                NetPingIP
                0xc7e34104                NetServerIP
                0xc7e34100                NetArpWaitTxPacketSize
                0xc7e340ec                NetArpWaitReplyIP
                0xc7e340fc                NetArpWaitTxPacket
                0xc7e35f50                NetRxPackets
                0xc7e36588                NetOurNISDomain
                0xc7e340e0                NetArpWaitPacketIP
                0xc7e340c0                NetState
                0xc7e3660a                BootFile
                0xc7e34108                NetServerEther
                0xc7e340e4                NetOurSubnetMask
                0xc7e36608                NetBootFileSize
                0xc7e340c8                NetIPID
                0xc7e365a8                NetOurHostName
                0xc7e340f0                NetRxPkt
                0xc7e340e8                NetOurGatewayIP
                0xc7e34114                NetEtherNullAddr
                0xc7e35f60                NetArpWaitPacketBuf
                0xc7e340f4                NetRxPktLen
                0xc7e340dc                NetTxPacket
                0xc7e36580                NetBootFileXferSize
                0xc7e36584                NetOurDNSIP
                0xc7e34130                PktBuf
                0xc7e365c8                NetOurRootPath
                0xc7e34120                NetArpWaitTimerStart
 .bss           0xc7e3668c       0x34 net/libnet.a(tftp.o)
 .bss           0xc7e366c0        0x8 net/libnet.a(bootp.o)
                0xc7e366c0                BootpTry
                0xc7e366c4                BootpID
 .bss           0xc7e366c8        0x4 net/libnet.a(rarp.o)
                0xc7e366c8                RarpTry
 .bss           0xc7e366cc        0x0 net/libnet.a(eth.o)
 .bss           0xc7e366cc      0x8b0 net/libnet.a(nfs.o)
 .bss           0xc7e36f7c        0x4 drivers/libdrivers.a(dm9000x.o)
                0xc7e36f7c                MoveData
 .bss           0xc7e36f80      0x1b8 drivers/nand/libnand.a(nand.o)
                0xc7e36f80                nand_info
 .bss           0xc7e37138        0x0 drivers/nand/libnand.a(nand_base.o)